Component: ARM Compiler 5.06 update 7 (build 960) Tool: armlink [4d3601]

==============================================================================

Section Cross References

    api_quaternion.o(i.QuaternionEKF_A_Update) refers to rt_memclr_w.o(.text) for __aeabi_memclr4
    api_quaternion.o(i.QuaternionEKF_A_Update) refers to api_quaternion.o(i.Fast_InverseSqrt) for Fast_InverseSqrt
    api_quaternion.o(i.QuaternionEKF_ChiSqrtTest) refers to arm_mat_mult_f32.o(.text) for arm_mat_mult_f32
    api_quaternion.o(i.QuaternionEKF_ChiSqrtTest) refers to arm_mat_trans_f32.o(.text) for arm_mat_trans_f32
    api_quaternion.o(i.QuaternionEKF_ChiSqrtTest) refers to rt_memcpy_w.o(.text) for __aeabi_memcpy4
    api_quaternion.o(i.QuaternionEKF_H_Update) refers to rt_memclr_w.o(.text) for __aeabi_memclr4
    api_quaternion.o(i.QuaternionEKF_Init) refers to kalman.o(i.Kalman_Filter_Init) for Kalman_Filter_Init
    api_quaternion.o(i.QuaternionEKF_Init) refers to rt_memcpy_w.o(.text) for __aeabi_memcpy4
    api_quaternion.o(i.QuaternionEKF_Init) refers to api_quaternion.o(i.QuaternionEKF_A_Update) for QuaternionEKF_A_Update
    api_quaternion.o(i.QuaternionEKF_Init) refers to api_quaternion.o(i.QuaternionEKF_H_Update) for QuaternionEKF_H_Update
    api_quaternion.o(i.QuaternionEKF_Init) refers to api_quaternion.o(i.QuaternionEKF_xhat_Update) for QuaternionEKF_xhat_Update
    api_quaternion.o(i.QuaternionEKF_Update) refers to api_quaternion.o(i.Fast_InverseSqrt) for Fast_InverseSqrt
    api_quaternion.o(i.QuaternionEKF_Update) refers to rt_memcpy_w.o(.text) for __aeabi_memcpy4
    api_quaternion.o(i.QuaternionEKF_Update) refers to kalman.o(i.Kalman_Filter_Update) for Kalman_Filter_Update
    api_quaternion.o(i.QuaternionEKF_Update) refers to atan2f.o(i.__hardfp_atan2f) for __hardfp_atan2f
    api_quaternion.o(i.QuaternionEKF_Update) refers to asinf.o(i.__hardfp_asinf) for __hardfp_asinf
    api_quaternion.o(i.QuaternionEKF_xhat_Update) refers to arm_mat_trans_f32.o(.text) for arm_mat_trans_f32
    api_quaternion.o(i.QuaternionEKF_xhat_Update) refers to arm_mat_mult_f32.o(.text) for arm_mat_mult_f32
    api_quaternion.o(i.QuaternionEKF_xhat_Update) refers to arm_mat_add_f32.o(.text) for arm_mat_add_f32
    api_quaternion.o(i.QuaternionEKF_xhat_Update) refers to arm_mat_inverse_f32.o(.text) for arm_mat_inverse_f32
    api_quaternion.o(i.QuaternionEKF_xhat_Update) refers to arm_mat_sub_f32.o(.text) for arm_mat_sub_f32
    api_quaternion.o(i.QuaternionEKF_xhat_Update) refers to api_quaternion.o(i.QuaternionEKF_ChiSqrtTest) for QuaternionEKF_ChiSqrtTest
    api_trajectory.o(i.SolveTrajectory_Transform) refers to f2d.o(x$fpl$f2d) for __aeabi_f2d
    api_trajectory.o(i.SolveTrajectory_Transform) refers to cos.o(i.__hardfp_cos) for __hardfp_cos
    api_trajectory.o(i.SolveTrajectory_Transform) refers to dmul_clz.o(x$fpl$dmul) for __aeabi_dmul
    api_trajectory.o(i.SolveTrajectory_Transform) refers to daddsub_clz.o(x$fpl$dsub) for __aeabi_dsub
    api_trajectory.o(i.SolveTrajectory_Transform) refers to d2f_clz.o(x$fpl$d2f) for __aeabi_d2f
    api_trajectory.o(i.SolveTrajectory_Transform) refers to sin.o(i.__hardfp_sin) for __hardfp_sin
    api_trajectory.o(i.SolveTrajectory_Transform) refers to api_trajectory.o(.data) for sign_yawgyro
    api_trajectory.o(i.SolveTrajectory_Transform) refers to fabs.o(i.__hardfp_fabs) for __hardfp_fabs
    api_trajectory.o(i.SolveTrajectory_Transform) refers to ddiv_clz.o(x$fpl$ddiv) for __aeabi_ddiv
    api_trajectory.o(i.SolveTrajectory_Transform) refers to api_trajectory.o(i.Trajectory_Picth_Update) for Trajectory_Picth_Update
    api_trajectory.o(i.SolveTrajectory_Transform) refers to atan2.o(i.__hardfp_atan2) for __hardfp_atan2
    api_trajectory.o(i.Trajectory_BulletModel) refers to f2d.o(x$fpl$f2d) for __aeabi_f2d
    api_trajectory.o(i.Trajectory_BulletModel) refers to cos.o(i.__hardfp_cos) for __hardfp_cos
    api_trajectory.o(i.Trajectory_BulletModel) refers to dmul_clz.o(x$fpl$dmul) for __aeabi_dmul
    api_trajectory.o(i.Trajectory_BulletModel) refers to exp.o(i.__hardfp_exp) for __hardfp_exp
    api_trajectory.o(i.Trajectory_BulletModel) refers to daddsub_clz.o(x$fpl$dsub) for __aeabi_dsub
    api_trajectory.o(i.Trajectory_BulletModel) refers to ddiv_clz.o(x$fpl$ddiv) for __aeabi_ddiv
    api_trajectory.o(i.Trajectory_BulletModel) refers to d2f_clz.o(x$fpl$d2f) for __aeabi_d2f
    api_trajectory.o(i.Trajectory_BulletModel) refers to arm_sin_f32.o(.text) for arm_sin_f32
    api_trajectory.o(i.Trajectory_Picth_Update) refers to f2d.o(x$fpl$f2d) for __aeabi_f2d
    api_trajectory.o(i.Trajectory_Picth_Update) refers to atan2.o(i.__hardfp_atan2) for __hardfp_atan2
    api_trajectory.o(i.Trajectory_Picth_Update) refers to d2f_clz.o(x$fpl$d2f) for __aeabi_d2f
    api_trajectory.o(i.Trajectory_Picth_Update) refers to api_trajectory.o(i.Trajectory_BulletModel) for Trajectory_BulletModel
    api_trajectory.o(i.Trajectory_Picth_Update) refers to fabs.o(i.__hardfp_fabs) for __hardfp_fabs
[...]
    __funder                                 0x08011875   Thumb Code   254  funder_clz.o(x$fpl$funder)
    __funder_d                               0x08011973   Thumb Code    62  funder_clz.o(x$fpl$funder)
    __fpl_return_NaN                         0x080119b1   Thumb Code   178  retnan.o(x$fpl$retnan)
    _fp_trapveneer                           0x08011a63   Thumb Code    36  trapv.o(x$fpl$trapveneer)
    __fpl_cmpreturn                          0x08011a87   Thumb Code    90  trapv.o(x$fpl$trapveneer)
    CRC8_INIT                                0x08011ae0   Data           1  crc.o(.constdata)
    __I$use$fp                               0x08011ae0   Number         0  usenofp.o(x$fpl$usenofp)
    CRC8_table                               0x08011ae1   Data         256  crc.o(.constdata)
    wCRC_table                               0x08011be2   Data         512  crc.o(.constdata)
    AHBPrescTable                            0x08011e78   Data          16  system_stm32f4xx.o(.constdata)
    APBPrescTable                            0x08011e88   Data           8  system_stm32f4xx.o(.constdata)
    sinTable_f32                             0x08011e90   Data        2052  arm_common_tables.o(.constdata)
    __mathlib_zero                           0x080127b8   Data           8  qnan.o(.constdata)
    Region$$Table$$Base                      0x080128f4   Number         0  anon$$obj.o(Region$$Table)
    Region$$Table$$Limit                     0x08012914   Number         0  anon$$obj.o(Region$$Table)
    distance_calc                            0x20000000   Data           4  api_trajectory.o(.data)
    sign_yawgyro                             0x20000004   Data           1  api_trajectory.o(.data)
    Gimbal_Info                              0x2000014c   Data          56  gimbal_task.o(.data)
    Gimbal_Pid_Para                          0x20000184   Data          96  gimbal_task.o(.data)
    Gimbal_TxFrameData                       0x200001e4   Data           8  gimbal_task.o(.data)
    vision_flag                              0x200001ec   Data           4  gimbal_task.o(.data)
    fire_flag                                0x200001f0   Data           4  gimbal_task.o(.data)
    pit_motor_angle                          0x200001f4   Data           4  gimbal_task.o(.data)
    Vision_Info_mode                         0x200001f8   Data           4  gimbal_task.o(.data)
    Pitch_Angle_Update                       0x200001fc   Data           4  gimbal_task.o(.data)
    Pitch_Angle_Update_FLAG                  0x20000200   Data           1  gimbal_task.o(.data)
    currentTime                              0x20000204   Data           4  gimbal_task.o(.data)
    chassis                                  0x20000208   Data          32  system_task.o(.data)
    SUPCAP_FLAG                              0x20000228   Data           1  system_task.o(.data)
    Vision_Info                              0x20000230   Data          20  vision_task.o(.data)
    speed                                    0x20000244   Data           4  vision_task.o(.data)
    SHOOT_SPEED_16M_S                        0x20000248   Data           4  shoot_task.o(.data)
    SHOOT_SPEED_10M_S                        0x2000024c   Data           4  shoot_task.o(.data)
    Gimbal_Speed_Update                      0x20000250   Data           4  shoot_task.o(.data)
    Gimbal_Speed_Update_FLAG                 0x20000254   Data           1  shoot_task.o(.data)
    Shoot_speed_mode                         0x20000258   Data           4  shoot_task.o(.data)
    Shoot_TxFrameData                        0x2000025c   Data           8  shoot_task.o(.data)
    Shoot_Pid_Para                           0x20000264   Data          72  shoot_task.o(.data)
    Last_Speed                               0x200002ac   Data           4  shoot_task.o(.data)
    Speed_Add                                0x200002b0   Data           4  shoot_task.o(.data)
    FIRE_SINGLE_Flag                         0x200002b4   Data           1  shoot_task.o(.data)
    Key_Shoot_Flag                           0x200002b5   Data           1  shoot_task.o(.data)
    Unlimited_flag                           0x200002b8   Data           4  shoot_task.o(.data)
    Fire_Vision_Cnt                          0x200002bc   Data           2  shoot_task.o(.data)
    CRC16_INIT                               0x200002e4   Data           2  crc.o(.data)
    MiniPC_ReceivePacket                     0x20000314   Data          48  minipc.o(.data)
    MiniPC_SendPacket                        0x20000344   Data          28  minipc.o(.data)
    DJI_Motor                                0x20000360   Data         160  motor.o(.data)
    StartINSTaskHandle                       0x20000410   Data           4  freertos.o(.data)
    StartVisionTaskHandle                    0x20000414   Data           4  freertos.o(.data)
    gimbal_taskHandle                        0x20000418   Data           4  freertos.o(.data)
    system_taskHandle                        0x2000041c   Data           4  freertos.o(.data)
    shoot_taskHandle                         0x20000420   Data           4  freertos.o(.data)
    FS_Desc                                  0x20000428   Data          28  usbd_desc.o(.data)
    USBD_FS_DeviceDesc                       0x20000444   Data          18  usbd_desc.o(.data)
    USBD_LangIDDesc                          0x20000458   Data           4  usbd_desc.o(.data)
    USBD_StringSerial                        0x2000045c   Data          26  usbd_desc.o(.data)
    USBD_Interface_fops_FS                   0x20000478   Data          20  usbd_cdc_if.o(.data)
    usb_cnt                                  0x2000048c   Data           4  usbd_cdc_if.o(.data)
    haltick                                  0x20000490   Data           4  usbd_cdc_if.o(.data)
    haltick_last                             0x20000494   Data           4  usbd_cdc_if.o(.data)
    haltick_err                              0x20000498   Data           4  usbd_cdc_if.o(.data)
    minipc_shit                              0x2000049c   Data           1  usbd_cdc_if.o(.data)
    uwTick                                   0x200004a0   Data           4  stm32f4xx_hal.o(.data)
    uwTickPrio                               0x200004a4   Data           4  stm32f4xx_hal.o(.data)
    uwTickFreq                               0x200004a8   Data           1  stm32f4xx_hal.o(.data)
    SystemCoreClock                          0x200004ac   Data           4  system_stm32f4xx.o(.data)
    pxCurrentTCB                             0x200004b0   Data           4  tasks.o(.data)
    USBD_CDC                                 0x20000528   Data          56  usbd_cdc.o(.data)
    INS_Info                                 0x200005a8   Data          72  ins_task.o(.bss)
    INS_AcceLPF2p                            0x200005f0   Data          96  ins_task.o(.bss)
    TempCtrl_PID                             0x20000650   Data          80  ins_task.o(.bss)
    Quaternion_Info                          0x200006a0   Data         420  ins_task.o(.bss)
    Gimbal_Pid                               0x20000844   Data         320  gimbal_task.o(.bss)
    robot                                    0x20000984   Data          24  system_task.o(.bss)
    head                                     0x2000099c   Data          11  system_task.o(.bss)
    SolveTrajectory                          0x200009a8   Data         120  vision_task.o(.bss)
    MA_Vision                                0x20000a20   Data          48  vision_task.o(.bss)
    Shoot_Info                               0x20000a50   Data          20  shoot_task.o(.bss)
    Shoot_Pid                                0x20000a64   Data         320  shoot_task.o(.bss)
    BMI088_Info                              0x20000bc0   Data          60  bmi088.o(.bss)
    MiniPC_SendBuf                           0x20000bfc   Data          28  minipc.o(.bss)
    remote_ctrl                              0x20000c18   Data          28  remote_control.o(.bss)
    Key_Info                                 0x20000c34   Data         108  remote_control.o(.bss)
    SBUS_MultiRx_Buf                         0x20000ca0   Data          72  remote_control.o(.bss)
    hcan1                                    0x20001d3c   Data          40  can.o(.bss)
    hcan2                                    0x20001d64   Data          40  can.o(.bss)
    hspi1                                    0x20001d8c   Data          88  spi.o(.bss)
    htim4                                    0x20001de4   Data          72  tim.o(.bss)
    htim10                                   0x20001e2c   Data          72  tim.o(.bss)
    huart3                                   0x20001e74   Data          68  usart.o(.bss)
    huart6                                   0x20001eb8   Data          68  usart.o(.bss)
    hdma_usart3_rx                           0x20001efc   Data          96  usart.o(.bss)
    hdma_usart6_tx                           0x20001f5c   Data          96  usart.o(.bss)
    htim2                                    0x20001fbc   Data          72  stm32f4xx_hal_timebase_tim.o(.bss)
    hUsbDeviceFS                             0x20002004   Data         732  usb_device.o(.bss)
    USBD_StrDesc                             0x200022e0   Data         512  usbd_desc.o(.bss)
    UserRxBufferFS                           0x200024e0   Data        2048  usbd_cdc_if.o(.bss)
    UserTxBufferFS                           0x20002ce0   Data        2048  usbd_cdc_if.o(.bss)
    hpcd_USB_OTG_FS                          0x200034e0   Data        1292  usbd_conf.o(.bss)
    __libspace_start                         0x20009cfc   Data          96  libspace.o(.bss)
    __temporary_stack_top$libspace           0x20009d5c   Data           0  libspace.o(.bss)



==============================================================================

Memory Map of the image

  Image Entry point : 0x08000189

  Load Region LR_IROM1 (Base: 0x08000000, Size: 0x00012ebc, Max: 0x00100000, ABSOLUTE, COMPRESSED[0x00012ab0])

    Execution Region ER_IROM1 (Exec base: 0x08000000, Load base: 0x08000000, Size: 0x00012914, Max: 0x00100000, ABSOLUTE)

    Exec Addr    Load Addr    Size         Type   Attr      Idx    E Section Name        Object

    0x08000000   0x08000000   0x00000188   Data   RO         1484    RESET               startup_stm32f407xx.o
    0x08000188   0x08000188   0x00000008   Code   RO         8275  * !!!main             c_w.l(__main.o)
    0x08000190   0x08000190   0x00000034   Code   RO         8751    !!!scatter          c_w.l(__scatter.o)
    0x080001c4   0x080001c4   0x0000005a   Code   RO         8749    !!dczerorl2         c_w.l(__dczerorl2.o)
    0x0800021e   0x0800021e   0x00000002   PAD
    0x08000220   0x08000220   0x0000001c   Code   RO         8753    !!handler_zi        c_w.l(__scatter_zi.o)
    0x0800023c   0x0800023c   0x00000002   Code   RO         8686    .ARM.Collect$$libinit$$00000000  c_w.l(libinit.o)
    0x0800023e   0x0800023e   0x00000004   Code   RO         8439    .ARM.Collect$$libinit$$00000001  c_w.l(libinit2.o)
    0x08000242   0x08000242   0x00000000   Code   RO         8442    .ARM.Collect$$libinit$$00000004  c_w.l(libinit2.o)
    0x08000242   0x08000242   0x00000008   Code   RO         8443    .ARM.Collect$$libinit$$00000005  c_w.l(libinit2.o)
    0x0800024a   0x0800024a   0x00000000   Code   RO         8445    .ARM.Collect$$libinit$$0000000A  c_w.l(libinit2.o)
    0x0800024a   0x0800024a   0x00000000   Code   RO         8447    .ARM.Collect$$libinit$$0000000C  c_w.l(libinit2.o)
    0x0800024a   0x0800024a   0x00000000   Code   RO         8449    .ARM.Collect$$libinit$$0000000E  c_w.l(libinit2.o)
    0x0800024a   0x0800024a   0x00000000   Code   RO         8452    .ARM.Collect$$libinit$$00000011  c_w.l(libinit2.o)
    0x0800024a   0x0800024a   0x00000000   Code   RO         8454    .ARM.Collect$$libinit$$00000013  c_w.l(libinit2.o)
    0x0800024a   0x0800024a   0x00000000   Code   RO         8456    .ARM.Collect$$libinit$$00000015  c_w.l(libinit2.o)
    0x0800024a   0x0800024a   0x00000000   Code   RO         8458    .ARM.Collect$$libinit$$00000017  c_w.l(libinit2.o)
    0x0800024a   0x0800024a   0x00000000   Code   RO         8460    .ARM.Collect$$libinit$$00000019  c_w.l(libinit2.o)
    0x0800024a   0x0800024a   0x00000000   Code   RO         8462    .ARM.Collect$$libinit$$0000001B  c_w.l(libinit2.o)
    0x0800024a   0x0800024a   0x00000000   Code   RO         8464    .ARM.Collect$$libinit$$0000001D  c_w.l(libinit2.o)
    0x0800024a   0x0800024a   0x00000000   Code   RO         8466    .ARM.Collect$$libinit$$0000001F  c_w.l(libinit2.o)
    0x0800024a   0x0800024a   0x00000000   Code   RO         8468    .ARM.Collect$$libinit$$00000021  c_w.l(libinit2.o)
    0x0800024a   0x0800024a   0x00000000   Code   RO         8470    .ARM.Collect$$libinit$$00000023  c_w.l(libinit2.o)
    0x0800024a   0x0800024a   0x00000000   Code   RO         8472    .ARM.Collect$$libinit$$00000025  c_w.l(libinit2.o)
    0x0800024a   0x0800024a   0x00000000   Code   RO         8476    .ARM.Collect$$libinit$$0000002C  c_w.l(libinit2.o)
    0x0800024a   0x0800024a   0x00000000   Code   RO         8478    .ARM.Collect$$libinit$$0000002E  c_w.l(libinit2.o)
    0x0800024a   0x0800024a   0x00000000   Code   RO         8480    .ARM.Collect$$libinit$$00000030  c_w.l(libinit2.o)
    0x0800024a   0x0800024a   0x00000000   Code   RO         8482    .ARM.Collect$$libinit$$00000032  c_w.l(libinit2.o)
    0x0800024a   0x0800024a   0x00000002   Code   RO         8483    .ARM.Collect$$libinit$$00000033  c_w.l(libinit2.o)
    0x0800024c   0x0800024c   0x00000002   Code   RO         8746    .ARM.Collect$$libshutdown$$00000000  c_w.l(libshutdown.o)
    0x0800024e   0x0800024e   0x00000000   Code   RO         8702    .ARM.Collect$$libshutdown$$00000002  c_w.l(libshutdown2.o)
    0x0800024e   0x0800024e   0x00000000   Code   RO         8704    .ARM.Collect$$libshutdown$$00000004  c_w.l(libshutdown2.o)
    0x0800024e   0x0800024e   0x00000000   Code   RO         8706    .ARM.Collect$$libshutdown$$00000006  c_w.l(libshutdown2.o)
    0x0800024e   0x0800024e   0x00000000   Code   RO         8709    .ARM.Collect$$libshutdown$$00000009  c_w.l(libshutdown2.o)
    0x0800024e   0x0800024e   0x00000000   Code   RO         8712    .ARM.Collect$$libshutdown$$0000000C  c_w.l(libshutdown2.o)
    0x0800024e   0x0800024e   0x00000000   Code   RO         8714    .ARM.Collect$$libshutdown$$0000000E  c_w.l(libshutdown2.o)
    0x0800024e   0x0800024e   0x00000000   Code   RO         8717    .ARM.Collect$$libshutdown$$00000011  c_w.l(libshutdown2.o)
    0x0800024e   0x0800024e   0x00000002   Code   RO         8718    .ARM.Collect$$libshutdown$$00000012  c_w.l(libshutdown2.o)
    0x08000250   0x08000250   0x00000000   Code   RO         8397    .ARM.Collect$$rtentry$$00000000  c_w.l(__rtentry.o)
    0x08000250   0x08000250   0x00000000   Code   RO         8610    .ARM.Collect$$rtentry$$00000002  c_w.l(__rtentry2.o)
    0x08000250   0x08000250   0x00000006   Code   RO         8622    .ARM.Collect$$rtentry$$00000004  c_w.l(__rtentry4.o)
    0x08000256   0x08000256   0x00000000   Code   RO         8612    .ARM.Collect$$rtentry$$00000009  c_w.l(__rtentry2.o)
    0x08000256   0x08000256   0x00000004   Code   RO         8613    .ARM.Collect$$rtentry$$0000000A  c_w.l(__rtentry2.o)
    0x0800025a   0x0800025a   0x00000000   Code   RO         8615    .ARM.Collect$$rtentry$$0000000C  c_w.l(__rtentry2.o)
    0x0800025a   0x0800025a   0x00000008   Code   RO         8616    .ARM.Collect$$rtentry$$0000000D  c_w.l(__rtentry2.o)
    0x08000262   0x08000262   0x00000002   Code   RO         8689    .ARM.Collect$$rtexit$$00000000  c_w.l(rtexit.o)
    0x08000264   0x08000264   0x00000000   Code   RO         8722    .ARM.Collect$$rtexit$$00000002  c_w.l(rtexit2.o)
    0x08000264   0x08000264   0x00000004   Code   RO         8723    .ARM.Collect$$rtexit$$00000003  c_w.l(rtexit2.o)
    0x08000268   0x08000268   0x00000006   Code   RO         8724    .ARM.Collect$$rtexit$$00000004  c_w.l(rtexit2.o)
    0x0800026e   0x0800026e   0x00000002   PAD
    0x08000270   0x08000270   0x000000be   Code   RO         7418    .emb_text           port.o
    0x0800032e   0x0800032e   0x00000002   PAD
    0x08000330   0x08000330   0x00000000   Code   RO         8633    .emb_text           c_w.l(maybetermalloc1.o)
    0x08000330   0x08000330   0x00000040   Code   RO         1485    .text               startup_stm32f407xx.o
    0x08000370   0x08000370   0x00000094   Code   RO         7928    .text               arm_cortexM4lf_math.lib(arm_sin_f32.o)
    0x08000404   0x08000404   0x00000108   Code   RO         7978    .text               arm_cortexM4lf_math.lib(arm_mat_add_f32.o)
    0x0800050c   0x0800050c   0x00000008   Code   RO         8002    .text               arm_cortexM4lf_math.lib(arm_mat_init_f32.o)
    0x08000514   0x08000514   0x00000530   Code   RO         8026    .text               arm_cortexM4lf_math.lib(arm_mat_inverse_f32.o)
    0x08000a44   0x08000a44   0x0000013c   Code   RO         8050    .text               arm_cortexM4lf_math.lib(arm_mat_mult_f32.o)
    0x08000b80   0x08000b80   0x00000108   Code   RO         8074    .text               arm_cortexM4lf_math.lib(arm_mat_sub_f32.o)
    0x08000c88   0x08000c88   0x00000114   Code   RO         8098    .text               arm_cortexM4lf_math.lib(arm_mat_trans_f32.o)
    0x08000d9c   0x08000d9c   0x0000005e   Code   RO         8205    .text               c_w.l(h1_alloc.o)
    0x08000dfa   0x08000dfa   0x000000ee   Code   RO         8259    .text               c_w.l(lludivv7m.o)
    0x08000ee8   0x08000ee8   0x0000008a   Code   RO         8263    .text               c_w.l(rt_memcpy_v6.o)
    0x08000f72   0x08000f72   0x00000064   Code   RO         8265    .text               c_w.l(rt_memcpy_w.o)
    0x08000fd6   0x08000fd6   0x00000010   Code   RO         8269    .text               c_w.l(aeabi_memset.o)
    0x08000fe6   0x08000fe6   0x0000004e   Code   RO         8271    .text               c_w.l(rt_memclr_w.o)
    0x08001034   0x08001034   0x00000006   Code   RO         8273    .text               c_w.l(heapauxi.o)
    0x0800103a   0x0800103a   0x00000002   PAD
    0x0800103c   0x0800103c   0x00000008   Code   RO         8405    .text               c_w.l(rt_heap_descriptor_intlibspace.o)
    0x08001044   0x08001044   0x00000004   Code   RO         8407    .text               c_w.l(hguard.o)
    0x08001048   0x08001048   0x0000008a   Code   RO         8409    .text               c_w.l(init_alloc.o)
    0x080010d2   0x080010d2   0x0000000e   Code   RO         8415    .text               c_w.l(h1_init.o)
    0x080010e0   0x080010e0   0x0000004e   Code   RO         8417    .text               c_w.l(h1_free.o)
    0x0800112e   0x0800112e   0x00000016   Code   RO         8433    .text               c_w.l(_rserrno.o)
    0x08001144   0x08001144   0x00000044   Code   RO         8435    .text               c_w.l(rt_memclr.o)
    0x08001188   0x08001188   0x00000008   Code   RO         8606    .text               c_w.l(libspace.o)
    0x08001190   0x08001190   0x00000008   Code   RO         8629    .text               c_w.l(rt_errno_addr_intlibspace.o)
    0x08001198   0x08001198   0x00000034   Code   RO         8635    .text               c_w.l(h1_extend.o)
    0x080011cc   0x080011cc   0x00000030   Code   RO         8639    .text               c_w.l(_fptrap.o)
    0x080011fc   0x080011fc   0x0000000e   Code   RO         8641    .text               c_w.l(defsig_rtmem_outer.o)
    0x0800120a   0x0800120a   0x00000002   Code   RO         8658    .text               c_w.l(use_no_semi.o)
    0x0800120c   0x0800120c   0x00000000   Code   RO         8660    .text               c_w.l(indicate_semi.o)
    0x0800120c   0x0800120c   0x0000004a   Code   RO         8661    .text               c_w.l(sys_stackheap_outer.o)
    0x08001256   0x08001256   0x00000012   Code   RO         8667    .text               c_w.l(exit.o)
    0x08001268   0x08001268   0x0000000a   Code   RO         8669    .text               c_w.l(defsig_exit.o)
    0x08001272   0x08001272   0x0000000e   Code   RO         8671    .text               c_w.l(defsig_fpe_outer.o)
    0x08001280   0x08001280   0x00000050   Code   RO         8675    .text               c_w.l(defsig_rtmem_inner.o)
    0x080012d0   0x080012d0   0x0000000c   Code   RO         8687    .text               c_w.l(sys_exit.o)
    0x080012dc   0x080012dc   0x00000032   Code   RO         8697    .text               c_w.l(defsig_general.o)
    0x0800130e   0x0800130e   0x00000002   PAD
    0x08001310   0x08001310   0x000000ac   Code   RO         8699    .text               c_w.l(defsig_fpe_inner.o)
    0x080013bc   0x080013bc   0x0000000e   Code   RO         8719    .text               c_w.l(sys_wrch.o)
    0x080013ca   0x080013ca   0x00000002   PAD
    0x080013cc   0x080013cc   0x00000014   Code   RO          715    i.BMI088_ACCEL_NS_H  bsp_gpio.o
    0x080013e0   0x080013e0   0x00000014   Code   RO          716    i.BMI088_ACCEL_NS_L  bsp_gpio.o
    0x080013f4   0x080013f4   0x00000124   Code   RO         1170    i.BMI088_Accel_Init  bmi088.o
    0x08001518   0x08001518   0x00000014   Code   RO          717    i.BMI088_GYRO_NS_H  bsp_gpio.o
    0x0800152c   0x0800152c   0x00000014   Code   RO          718    i.BMI088_GYRO_NS_L  bsp_gpio.o
    0x08001540   0x08001540   0x000000f0   Code   RO         1171    i.BMI088_Gyro_Init  bmi088.o
    0x08001630   0x08001630   0x000001a8   Code   RO         1172    i.BMI088_Info_Update  bmi088.o
    0x080017d8   0x080017d8   0x00000028   Code   RO         1173    i.BMI088_Init       bmi088.o
    0x08001800   0x08001800   0x0000013c   Code   RO         1174    i.BMI088_Offset_Update  bmi088.o
    0x0800193c   0x0800193c   0x00000026   Code   RO         1175    i.BMI088_Read_Multi_Reg  bmi088.o
    0x08001962   0x08001962   0x00000018   Code   RO         1176    i.BMI088_Read_Single_Reg  bmi088.o
    0x0800197a   0x0800197a   0x00000002   PAD
    0x0800197c   0x0800197c   0x00000024   Code   RO          800    i.BMI088_Read_Write_Byte  bsp_spi.o
    0x080019a0   0x080019a0   0x0000007c   Code   RO          169    i.BMI088_Temp_Control  ins_task.o
    0x08001a1c   0x08001a1c   0x00000014   Code   RO         1177    i.BMI088_Write_Single_Reg  bmi088.o
    0x08001a30   0x08001a30   0x00000074   Code   RO          583    i.BSP_CAN_Init      bsp_can.o
    0x08001aa4   0x08001aa4   0x00000024   Code   RO          908    i.BSP_USART_Init    bsp_uart.o
    0x08001ac8   0x08001ac8   0x00000010   Code   RO          869    i.Bsp_Tim_Init      bsp_tim.o
    0x08001ad8   0x08001ad8   0x00000004   Code   RO         1850    i.BusFault_Handler  stm32f4xx_it.o
    0x08001adc   0x08001adc   0x00000010   Code   RO         1851    i.CAN1_RX0_IRQHandler  stm32f4xx_it.o
    0x08001aec   0x08001aec   0x00000010   Code   RO         1852    i.CAN2_RX0_IRQHandler  stm32f4xx_it.o
    0x08001afc   0x08001afc   0x00000044   Code   RO         2133    i.CDC_Control_FS    usbd_cdc_if.o
    0x08001b40   0x08001b40   0x00000004   Code   RO         2134    i.CDC_DeInit_FS     usbd_cdc_if.o
    0x08001b44   0x08001b44   0x00000024   Code   RO         2135    i.CDC_Init_FS       usbd_cdc_if.o
    0x08001b68   0x08001b68   0x00000080   Code   RO         2136    i.CDC_Receive_FS    usbd_cdc_if.o
    0x08001be8   0x08001be8   0x0000000c   Code   RO         2137    i.CDC_TransmitCplt_FS  usbd_cdc_if.o
    0x08001bf4   0x08001bf4   0x00000038   Code   RO         2138    i.CDC_Transmit_FS   usbd_cdc_if.o
    0x08001c2c   0x08001c2c   0x00000022   Code   RO         1292    i.DJI_Motor_ErrorHandler  motor.o
    0x08001c4e   0x08001c4e   0x00000002   PAD
    0x08001c50   0x08001c50   0x000000bc   Code   RO         1293    i.DJI_Motor_Info_Update  motor.o
    0x08001d0c   0x08001d0c   0x00000010   Code   RO         1853    i.DMA1_Stream1_IRQHandler  stm32f4xx_it.o
    0x08001d1c   0x08001d1c   0x00000010   Code   RO         1854    i.DMA2_Stream6_IRQHandler  stm32f4xx_it.o
    0x08001d2c   0x08001d2c   0x00000034   Code   RO         3497    i.DMA_CalcBaseAndBitshift  stm32f4xx_hal_dma.o
    0x08001d60   0x08001d60   0x000000aa   Code   RO         3498    i.DMA_CheckFifoParam  stm32f4xx_hal_dma.o
    0x08001e0a   0x08001e0a   0x00000002   Code   RO         1855    i.DebugMon_Handler  stm32f4xx_it.o
    0x08001e0c   0x08001e0c   0x00000018   Code   RO          831    i.Delay_ms          bsp_tick.o
    0x08001e24   0x08001e24   0x00000018   Code   RO          832    i.Delay_us          bsp_tick.o
    0x08001e3c   0x08001e3c   0x0000000a   Code   RO         1856    i.EXTI9_5_IRQHandler  stm32f4xx_it.o
    0x08001e46   0x08001e46   0x00000006   Code   RO         1492    i.Error_Handler     main.o
    0x08001e4c   0x08001e4c   0x0000003c   Code   RO            4    i.Fast_InverseSqrt  api_quaternion.o
    0x08001e88   0x08001e88   0x00000012   Code   RO         1346    i.FirstGetInto_KEY_PRESS  remote_control.o
    0x08001e9a   0x08001e9a   0x00000002   PAD
    0x08001e9c   0x08001e9c   0x00000034   Code   RO         2056    i.Get_SerialNum     usbd_desc.o
    0x08001ed0   0x08001ed0   0x00000200   Code   RO          281    i.Gimbal_Mode_Update  gimbal_task.o
    0x080020d0   0x080020d0   0x00000388   Code   RO          282    i.Gimbal_Posture_Ctrl  gimbal_task.o
    0x08002458   0x08002458   0x000000d0   Code   RO          283    i.Gimbal_Task       gimbal_task.o
    0x08002528   0x08002528   0x00000040   Code   RO          284    i.Gimbal_Task_Init  gimbal_task.o
    0x08002568   0x08002568   0x0000002a   Code   RO         4176    i.HAL_CAN_ActivateNotification  stm32f4xx_hal_can.o
    0x08002592   0x08002592   0x00000156   Code   RO         4177    i.HAL_CAN_AddTxMessage  stm32f4xx_hal_can.o
    0x080026e8   0x080026e8   0x00000124   Code   RO         4178    i.HAL_CAN_ConfigFilter  stm32f4xx_hal_can.o
    0x0800280c   0x0800280c   0x00000002   Code   RO         4181    i.HAL_CAN_ErrorCallback  stm32f4xx_hal_can.o
    0x0800280e   0x0800280e   0x0000017a   Code   RO         4184    i.HAL_CAN_GetRxMessage  stm32f4xx_hal_can.o
    0x08002988   0x08002988   0x0000024e   Code   RO         4188    i.HAL_CAN_IRQHandler  stm32f4xx_hal_can.o
    0x08002bd6   0x08002bd6   0x00000174   Code   RO         4189    i.HAL_CAN_Init      stm32f4xx_hal_can.o
    0x08002d4a   0x08002d4a   0x00000002   PAD
    0x08002d4c   0x08002d4c   0x00000160   Code   RO         1634    i.HAL_CAN_MspInit   can.o
    0x08002eac   0x08002eac   0x00000002   Code   RO         4196    i.HAL_CAN_RxFifo0FullCallback  stm32f4xx_hal_can.o
    0x08002eae   0x08002eae   0x00000002   PAD
    0x08002eb0   0x08002eb0   0x00000024   Code   RO          584    i.HAL_CAN_RxFifo0MsgPendingCallback  bsp_can.o
    0x08002ed4   0x08002ed4   0x00000002   Code   RO         4198    i.HAL_CAN_RxFifo1FullCallback  stm32f4xx_hal_can.o
    0x08002ed6   0x08002ed6   0x00000002   Code   RO         4199    i.HAL_CAN_RxFifo1MsgPendingCallback  stm32f4xx_hal_can.o
    0x08002ed8   0x08002ed8   0x00000002   Code   RO         4200    i.HAL_CAN_SleepCallback  stm32f4xx_hal_can.o
    0x08002eda   0x08002eda   0x0000005e   Code   RO         4201    i.HAL_CAN_Start     stm32f4xx_hal_can.o
    0x08002f38   0x08002f38   0x00000002   Code   RO         4203    i.HAL_CAN_TxMailbox0AbortCallback  stm32f4xx_hal_can.o
    0x08002f3a   0x08002f3a   0x00000002   Code   RO         4204    i.HAL_CAN_TxMailbox0CompleteCallback  stm32f4xx_hal_can.o
    0x08002f3c   0x08002f3c   0x00000002   Code   RO         4205    i.HAL_CAN_TxMailbox1AbortCallback  stm32f4xx_hal_can.o
    0x08002f3e   0x08002f3e   0x00000002   Code   RO         4206    i.HAL_CAN_TxMailbox1CompleteCallback  stm32f4xx_hal_can.o
    0x08002f40   0x08002f40   0x00000002   Code   RO         4207    i.HAL_CAN_TxMailbox2AbortCallback  stm32f4xx_hal_can.o
    0x08002f42   0x08002f42   0x00000002   Code   RO         4208    i.HAL_CAN_TxMailbox2CompleteCallback  stm32f4xx_hal_can.o
    0x08002f44   0x08002f44   0x00000002   Code   RO         4210    i.HAL_CAN_WakeUpFromRxMsgCallback  stm32f4xx_hal_can.o
    0x08002f46   0x08002f46   0x000000ac   Code   RO         3500    i.HAL_DMA_Abort     stm32f4xx_hal_dma.o
    0x08002ff2   0x08002ff2   0x00000028   Code   RO         3501    i.HAL_DMA_Abort_IT  stm32f4xx_hal_dma.o
    0x0800301a   0x0800301a   0x00000002   PAD
    0x0800301c   0x0800301c   0x00000240   Code   RO         3505    i.HAL_DMA_IRQHandler  stm32f4xx_hal_dma.o
    0x0800325c   0x0800325c   0x000000ec   Code   RO         3506    i.HAL_DMA_Init      stm32f4xx_hal_dma.o
    0x08003348   0x08003348   0x00000028   Code   RO         3924    i.HAL_Delay         stm32f4xx_hal.o
    0x08003370   0x08003370   0x00000002   Code   RO         3391    i.HAL_GPIO_EXTI_Callback  stm32f4xx_hal_gpio.o
    0x08003372   0x08003372   0x00000002   PAD
    0x08003374   0x08003374   0x0000001c   Code   RO         3392    i.HAL_GPIO_EXTI_IRQHandler  stm32f4xx_hal_gpio.o
    0x08003390   0x08003390   0x000001f4   Code   RO         3393    i.HAL_GPIO_Init     stm32f4xx_hal_gpio.o
    0x08003584   0x08003584   0x0000000c   Code   RO         3397    i.HAL_GPIO_WritePin  stm32f4xx_hal_gpio.o
    0x08003590   0x08003590   0x0000000c   Code   RO         3930    i.HAL_GetTick       stm32f4xx_hal.o
    0x0800359c   0x0800359c   0x00000018   Code   RO         3936    i.HAL_IncTick       stm32f4xx_hal.o
    0x080035b4   0x080035b4   0x0000003c   Code   RO         3937    i.HAL_Init          stm32f4xx_hal.o
    0x080035f0   0x080035f0   0x000000b4   Code   RO         1986    i.HAL_InitTick      stm32f4xx_hal_timebase_tim.o
    0x080036a4   0x080036a4   0x00000054   Code   RO         1962    i.HAL_MspInit       stm32f4xx_hal_msp.o
    0x080036f8   0x080036f8   0x00000020   Code   RO         3782    i.HAL_NVIC_EnableIRQ  stm32f4xx_hal_cortex.o
    0x08003718   0x08003718   0x0000007c   Code   RO         3788    i.HAL_NVIC_SetPriority  stm32f4xx_hal_cortex.o
    0x08003794   0x08003794   0x00000028   Code   RO         3789    i.HAL_NVIC_SetPriorityGrouping  stm32f4xx_hal_cortex.o
    0x080037bc   0x080037bc   0x00000002   Code   RO         2641    i.HAL_PCDEx_LPM_Callback  stm32f4xx_hal_pcd_ex.o
    0x080037be   0x080037be   0x0000000a   Code   RO         2642    i.HAL_PCDEx_SetRxFiFo  stm32f4xx_hal_pcd_ex.o
    0x080037c8   0x080037c8   0x0000004e   Code   RO         2643    i.HAL_PCDEx_SetTxFiFo  stm32f4xx_hal_pcd_ex.o
    0x08003816   0x08003816   0x0000000e   Code   RO         2190    i.HAL_PCD_ConnectCallback  usbd_conf.o
    0x08003824   0x08003824   0x00000020   Code   RO         2191    i.HAL_PCD_DataInStageCallback  usbd_conf.o
    0x08003844   0x08003844   0x00000020   Code   RO         2192    i.HAL_PCD_DataOutStageCallback  usbd_conf.o
    0x08003864   0x08003864   0x0000000e   Code   RO         2193    i.HAL_PCD_DisconnectCallback  usbd_conf.o
    0x08003872   0x08003872   0x00000042   Code   RO         2406    i.HAL_PCD_EP_Abort  stm32f4xx_hal_pcd.o
    0x080038b4   0x080038b4   0x0000006a   Code   RO         2407    i.HAL_PCD_EP_Close  stm32f4xx_hal_pcd.o
    0x0800391e   0x0800391e   0x0000007c   Code   RO         2408    i.HAL_PCD_EP_ClrStall  stm32f4xx_hal_pcd.o
    0x0800399a   0x0800399a   0x00000016   Code   RO         2410    i.HAL_PCD_EP_GetRxCount  stm32f4xx_hal_pcd.o
    0x080039b0   0x080039b0   0x0000008c   Code   RO         2411    i.HAL_PCD_EP_Open   stm32f4xx_hal_pcd.o
    0x08003a3c   0x08003a3c   0x00000058   Code   RO         2412    i.HAL_PCD_EP_Receive  stm32f4xx_hal_pcd.o
    0x08003a94   0x08003a94   0x0000008a   Code   RO         2413    i.HAL_PCD_EP_SetStall  stm32f4xx_hal_pcd.o
    0x08003b1e   0x08003b1e   0x0000005a   Code   RO         2414    i.HAL_PCD_EP_Transmit  stm32f4xx_hal_pcd.o
    0x08003b78   0x08003b78   0x000006ca   Code   RO         2416    i.HAL_PCD_IRQHandler  stm32f4xx_hal_pcd.o
    0x08004242   0x08004242   0x00000012   Code   RO         2194    i.HAL_PCD_ISOINIncompleteCallback  usbd_conf.o
    0x08004254   0x08004254   0x00000012   Code   RO         2195    i.HAL_PCD_ISOOUTIncompleteCallback  usbd_conf.o
    0x08004266   0x08004266   0x00000166   Code   RO         2419    i.HAL_PCD_Init      stm32f4xx_hal_pcd.o
    0x080043cc   0x080043cc   0x000000a8   Code   RO         2197    i.HAL_PCD_MspInit   usbd_conf.o
    0x08004474   0x08004474   0x00000030   Code   RO         2198    i.HAL_PCD_ResetCallback  usbd_conf.o
    0x080044a4   0x080044a4   0x0000000e   Code   RO         2199    i.HAL_PCD_ResumeCallback  usbd_conf.o
    0x080044b2   0x080044b2   0x0000000e   Code   RO         2200    i.HAL_PCD_SOFCallback  usbd_conf.o
    0x080044c0   0x080044c0   0x00000036   Code   RO         2425    i.HAL_PCD_SetAddress  stm32f4xx_hal_pcd.o
    0x080044f6   0x080044f6   0x00000012   Code   RO         2201    i.HAL_PCD_SetupStageCallback  usbd_conf.o
    0x08004508   0x08004508   0x0000004a   Code   RO         2428    i.HAL_PCD_Start     stm32f4xx_hal_pcd.o
    0x08004552   0x08004552   0x00000002   PAD
    0x08004554   0x08004554   0x00000034   Code   RO         2202    i.HAL_PCD_SuspendCallback  usbd_conf.o
    0x08004588   0x08004588   0x00000002   Code   RO         2993    i.HAL_RCC_CSSCallback  stm32f4xx_hal_rcc.o
    0x0800458a   0x0800458a   0x00000002   PAD
    0x0800458c   0x0800458c   0x00000184   Code   RO         2994    i.HAL_RCC_ClockConfig  stm32f4xx_hal_rcc.o
    0x08004710   0x08004710   0x0000000c   Code   RO         2997    i.HAL_RCC_EnableCSS  stm32f4xx_hal_rcc.o
    0x0800471c   0x0800471c   0x00000044   Code   RO         2998    i.HAL_RCC_GetClockConfig  stm32f4xx_hal_rcc.o
    0x08004760   0x08004760   0x0000000c   Code   RO         2999    i.HAL_RCC_GetHCLKFreq  stm32f4xx_hal_rcc.o
    0x0800476c   0x0800476c   0x00000020   Code   RO         3001    i.HAL_RCC_GetPCLK1Freq  stm32f4xx_hal_rcc.o
    0x0800478c   0x0800478c   0x00000020   Code   RO         3002    i.HAL_RCC_GetPCLK2Freq  stm32f4xx_hal_rcc.o
    0x080047ac   0x080047ac   0x000000b0   Code   RO         3003    i.HAL_RCC_GetSysClockFreq  stm32f4xx_hal_rcc.o
    0x0800485c   0x0800485c   0x00000020   Code   RO         3005    i.HAL_RCC_NMI_IRQHandler  stm32f4xx_hal_rcc.o
    0x0800487c   0x0800487c   0x0000049c   Code   RO         3006    i.HAL_RCC_OscConfig  stm32f4xx_hal_rcc.o
    0x08004d18   0x08004d18   0x000000c8   Code   RO         4420    i.HAL_SPI_Init      stm32f4xx_hal_spi.o
    0x08004de0   0x08004de0   0x000000c4   Code   RO         1707    i.HAL_SPI_MspInit   spi.o
    0x08004ea4   0x08004ea4   0x0000022a   Code   RO         4429    i.HAL_SPI_TransmitReceive  stm32f4xx_hal_spi.o
    0x080050ce   0x080050ce   0x00000002   Code   RO         5448    i.HAL_TIMEx_BreakCallback  stm32f4xx_hal_tim_ex.o
    0x080050d0   0x080050d0   0x00000002   Code   RO         5449    i.HAL_TIMEx_CommutCallback  stm32f4xx_hal_tim_ex.o
    0x080050d2   0x080050d2   0x00000002   PAD
    0x080050d4   0x080050d4   0x000000b4   Code   RO         5467    i.HAL_TIMEx_MasterConfigSynchronization  stm32f4xx_hal_tim_ex.o
    0x08005188   0x08005188   0x00000066   Code   RO         4733    i.HAL_TIM_Base_Init  stm32f4xx_hal_tim.o
    0x080051ee   0x080051ee   0x00000002   PAD
    0x080051f0   0x080051f0   0x00000064   Code   RO         1749    i.HAL_TIM_Base_MspInit  tim.o
    0x08005254   0x08005254   0x000000a8   Code   RO         4738    i.HAL_TIM_Base_Start_IT  stm32f4xx_hal_tim.o
    0x080052fc   0x080052fc   0x0000010c   Code   RO         4742    i.HAL_TIM_ConfigClockSource  stm32f4xx_hal_tim.o
    0x08005408   0x08005408   0x00000002   Code   RO         4767    i.HAL_TIM_IC_CaptureCallback  stm32f4xx_hal_tim.o
    0x0800540a   0x0800540a   0x00000196   Code   RO         4781    i.HAL_TIM_IRQHandler  stm32f4xx_hal_tim.o
    0x080055a0   0x080055a0   0x000000b4   Code   RO         1750    i.HAL_TIM_MspPostInit  tim.o
    0x08005654   0x08005654   0x00000002   Code   RO         4784    i.HAL_TIM_OC_DelayElapsedCallback  stm32f4xx_hal_tim.o
    0x08005656   0x08005656   0x00000104   Code   RO         4805    i.HAL_TIM_PWM_ConfigChannel  stm32f4xx_hal_tim.o
    0x0800575a   0x0800575a   0x00000066   Code   RO         4808    i.HAL_TIM_PWM_Init  stm32f4xx_hal_tim.o
    0x080057c0   0x080057c0   0x00000002   Code   RO         4810    i.HAL_TIM_PWM_MspInit  stm32f4xx_hal_tim.o
    0x080057c2   0x080057c2   0x00000002   Code   RO         4811    i.HAL_TIM_PWM_PulseFinishedCallback  stm32f4xx_hal_tim.o
    0x080057c4   0x080057c4   0x0000010c   Code   RO         4813    i.HAL_TIM_PWM_Start  stm32f4xx_hal_tim.o
    0x080058d0   0x080058d0   0x00000012   Code   RO         1493    i.HAL_TIM_PeriodElapsedCallback  main.o
    0x080058e2   0x080058e2   0x00000002   Code   RO         4824    i.HAL_TIM_TriggerCallback  stm32f4xx_hal_tim.o
    0x080058e4   0x080058e4   0x00000048   Code   RO          909    i.HAL_UARTEx_RxEventCallback  bsp_uart.o
    0x0800592c   0x0800592c   0x00000002   Code   RO         5740    i.HAL_UART_ErrorCallback  stm32f4xx_hal_uart.o
    0x0800592e   0x0800592e   0x00000002   PAD
    0x08005930   0x08005930   0x000002e0   Code   RO         5743    i.HAL_UART_IRQHandler  stm32f4xx_hal_uart.o
    0x08005c10   0x08005c10   0x00000072   Code   RO         5744    i.HAL_UART_Init     stm32f4xx_hal_uart.o
    0x08005c82   0x08005c82   0x00000002   PAD
    0x08005c84   0x08005c84   0x000001ac   Code   RO         1803    i.HAL_UART_MspInit  usart.o
    0x08005e30   0x08005e30   0x00000002   Code   RO         5750    i.HAL_UART_RxCpltCallback  stm32f4xx_hal_uart.o
    0x08005e32   0x08005e32   0x00000002   Code   RO         5755    i.HAL_UART_TxCpltCallback  stm32f4xx_hal_uart.o
    0x08005e34   0x08005e34   0x00000024   Code   RO          833    i.Haltick           bsp_tick.o
    0x08005e58   0x08005e58   0x00000004   Code   RO         1857    i.HardFault_Handler  stm32f4xx_it.o
    0x08005e5c   0x08005e5c   0x00000014   Code   RO          870    i.Heat_Power_Control  bsp_tim.o
    0x08005e70   0x08005e70   0x00000064   Code   RO          170    i.INSTask_Init      ins_task.o
    0x08005ed4   0x08005ed4   0x000001b8   Code   RO          171    i.INS_Task          ins_task.o
    0x0800608c   0x0800608c   0x0000003e   Code   RO         2057    i.IntToUnicode      usbd_desc.o
    0x080060ca   0x080060ca   0x0000008a   Code   RO         1347    i.KEY_State_Judge   remote_control.o
    0x08006154   0x08006154   0x0000070a   Code   RO         1010    i.Kalman_Filter_Init  kalman.o
    0x0800685e   0x0800685e   0x000000d8   Code   RO         1011    i.Kalman_Filter_K_Update  kalman.o
    0x08006936   0x08006936   0x0000003e   Code   RO         1012    i.Kalman_Filter_Measurement_Update  kalman.o
    0x08006974   0x08006974   0x00000070   Code   RO         1013    i.Kalman_Filter_P_Update  kalman.o
    0x080069e4   0x080069e4   0x00000070   Code   RO         1014    i.Kalman_Filter_Pminus_Update  kalman.o
    0x08006a54   0x08006a54   0x000000a4   Code   RO         1015    i.Kalman_Filter_Update  kalman.o
    0x08006af8   0x08006af8   0x0000008e   Code   RO         1016    i.Kalman_Filter_xhat_Update  kalman.o
    0x08006b86   0x08006b86   0x00000084   Code   RO         1017    i.Kalman_Filter_xhatminus_Update  kalman.o
    0x08006c0a   0x08006c0a   0x00000002   PAD
    0x08006c0c   0x08006c0c   0x0000007c   Code   RO         1348    i.Key_B             remote_control.o
    0x08006c88   0x08006c88   0x00000058   Code   RO         1349    i.Key_C             remote_control.o
    0x08006ce0   0x08006ce0   0x00000074   Code   RO         1350    i.Key_E             remote_control.o
    0x08006d54   0x08006d54   0x00000080   Code   RO         1352    i.Key_G             remote_control.o
    0x08006dd4   0x08006dd4   0x00000054   Code   RO         1353    i.Key_MOUSE_L       remote_control.o
    0x08006e28   0x08006e28   0x00000044   Code   RO         1354    i.Key_MOUSE_R       remote_control.o
    0x08006e6c   0x08006e6c   0x00000074   Code   RO         1355    i.Key_Q             remote_control.o
    0x08006ee0   0x08006ee0   0x00000054   Code   RO         1357    i.Key_SHIFT         remote_control.o
    0x08006f34   0x08006f34   0x00000058   Code   RO         1358    i.Key_V             remote_control.o
    0x08006f8c   0x08006f8c   0x00000054   Code   RO         1359    i.Key_X             remote_control.o
    0x08006fe0   0x08006fe0   0x00000054   Code   RO         1360    i.Key_Z             remote_control.o
    0x08007034   0x08007034   0x00000024   Code   RO         1069    i.LowPassFilter2p_Init  lpf.o
    0x08007058   0x08007058   0x00000066   Code   RO         1070    i.LowPassFilter2p_Update  lpf.o
    0x080070be   0x080070be   0x00000018   Code   RO          760    i.MCU_Init          bsp_mcu.o
    0x080070d6   0x080070d6   0x00000002   PAD
    0x080070d8   0x080070d8   0x00000048   Code   RO         1635    i.MX_CAN1_Init      can.o
    0x08007120   0x08007120   0x00000048   Code   RO         1636    i.MX_CAN2_Init      can.o
    0x08007168   0x08007168   0x00000068   Code   RO         1682    i.MX_DMA_Init       dma.o
    0x080071d0   0x080071d0   0x00000098   Code   RO         1569    i.MX_FREERTOS_Init  freertos.o
    0x08007268   0x08007268   0x00000158   Code   RO         1543    i.MX_GPIO_Init      gpio.o
    0x080073c0   0x080073c0   0x00000044   Code   RO         1708    i.MX_SPI1_Init      spi.o
    0x08007404   0x08007404   0x0000006c   Code   RO         1751    i.MX_TIM10_Init     tim.o
    0x08007470   0x08007470   0x000000a4   Code   RO         1752    i.MX_TIM4_Init      tim.o
    0x08007514   0x08007514   0x00000038   Code   RO         1804    i.MX_USART3_UART_Init  usart.o
    0x0800754c   0x0800754c   0x00000038   Code   RO         1805    i.MX_USART6_UART_Init  usart.o
    0x08007584   0x08007584   0x0000007c   Code   RO         2025    i.MX_USB_DEVICE_Init  usb_device.o
    0x08007600   0x08007600   0x00000004   Code   RO         1858    i.MemManage_Handler  stm32f4xx_it.o
    0x08007604   0x08007604   0x00000030   Code   RO         1228    i.MiniPC_RecvFrameInfo  minipc.o
    0x08007634   0x08007634   0x0000002c   Code   RO         1229    i.MiniPC_SendFrameInfo  minipc.o
    0x08007660   0x08007660   0x00000050   Code   RO         1361    i.Mouse_X_Speed     remote_control.o
    0x080076b0   0x080076b0   0x00000050   Code   RO         1362    i.Mouse_Y_Speed     remote_control.o
    0x08007700   0x08007700   0x00000040   Code   RO         1097    i.MovingAverage_Init  ramp.o
    0x08007740   0x08007740   0x00000008   Code   RO         1859    i.NMI_Handler       stm32f4xx_it.o
    0x08007748   0x08007748   0x00000010   Code   RO         1860    i.OTG_FS_IRQHandler  stm32f4xx_it.o
    0x08007758   0x08007758   0x00000064   Code   RO         2432    i.PCD_EP_OutSetupPacket_int  stm32f4xx_hal_pcd.o
    0x080077bc   0x080077bc   0x00000144   Code   RO         2433    i.PCD_EP_OutXfrComplete_int  stm32f4xx_hal_pcd.o
    0x08007900   0x08007900   0x000000b6   Code   RO         2434    i.PCD_WriteEmptyTxFifo  stm32f4xx_hal_pcd.o
    0x080079b6   0x080079b6   0x00000002   PAD
    0x080079b8   0x080079b8   0x00000038   Code   RO         1133    i.PID_Calc_Clear    pid.o
    0x080079f0   0x080079f0   0x0000002c   Code   RO         1134    i.PID_ErrorHandle   pid.o
    0x08007a1c   0x08007a1c   0x00000030   Code   RO         1135    i.PID_Init          pid.o
    0x08007a4c   0x08007a4c   0x00000046   Code   RO         1136    i.PID_Param_Init    pid.o
    0x08007a92   0x08007a92   0x00000002   PAD
    0x08007a94   0x08007a94   0x00000288   Code   RO            5    i.QuaternionEKF_A_Update  api_quaternion.o
    0x08007d1c   0x08007d1c   0x00000178   Code   RO            6    i.QuaternionEKF_ChiSqrtTest  api_quaternion.o
    0x08007e94   0x08007e94   0x0000013a   Code   RO            7    i.QuaternionEKF_H_Update  api_quaternion.o
    0x08007fce   0x08007fce   0x00000002   PAD
    0x08007fd0   0x08007fd0   0x000000fc   Code   RO            8    i.QuaternionEKF_Init  api_quaternion.o
    0x080080cc   0x080080cc   0x00000420   Code   RO            9    i.QuaternionEKF_Update  api_quaternion.o
    0x080084ec   0x080084ec   0x00000348   Code   RO           10    i.QuaternionEKF_xhat_Update  api_quaternion.o
    0x08008834   0x08008834   0x0000011c   Code   RO          447    i.Referee_Get_Data  system_task.o
    0x08008950   0x08008950   0x000000d8   Code   RO         1364    i.SBUS_TO_RC        remote_control.o
    0x08008a28   0x08008a28   0x0000006c   Code   RO         4458    i.SPI_EndRxTxTransaction  stm32f4xx_hal_spi.o
    0x08008a94   0x08008a94   0x000000d8   Code   RO         4463    i.SPI_WaitFlagStateUntilTimeout  stm32f4xx_hal_spi.o
    0x08008b6c   0x08008b6c   0x00000012   Code   RO         7660    i.SWAPBYTE          usbd_ctlreq.o
    0x08008b7e   0x08008b7e   0x00000002   PAD
    0x08008b80   0x08008b80   0x000004c8   Code   RO          529    i.Shoot_Ctrl        shoot_task.o
    0x08009048   0x08009048   0x00000138   Code   RO          530    i.Shoot_Task        shoot_task.o
    0x08009180   0x08009180   0x00000054   Code   RO          531    i.Shoot_Task_Init   shoot_task.o
    0x080091d4   0x080091d4   0x000008a8   Code   RO          105    i.SolveTrajectory_Transform  api_trajectory.o
    0x08009a7c   0x08009a7c   0x0000002e   Code   RO          106    i.SolveTrajectory_Update  api_trajectory.o
    0x08009aaa   0x08009aaa   0x00000002   PAD
    0x08009aac   0x08009aac   0x000000bc   Code   RO          532    i.SpeedAdapt_16M    shoot_task.o
    0x08009b68   0x08009b68   0x00000034   Code   RO         7419    i.SysTick_Handler   port.o
    0x08009b9c   0x08009b9c   0x000000b8   Code   RO         1494    i.SystemClock_Config  main.o
    0x08009c54   0x08009c54   0x00000014   Code   RO         6083    i.SystemInit        system_stm32f4xx.o
    0x08009c68   0x08009c68   0x000000e4   Code   RO          448    i.System_Task       system_task.o
    0x08009d4c   0x08009d4c   0x00000010   Code   RO         1861    i.TIM2_IRQHandler   stm32f4xx_it.o
    0x08009d5c   0x08009d5c   0x000000d8   Code   RO         4826    i.TIM_Base_SetConfig  stm32f4xx_hal_tim.o
    0x08009e34   0x08009e34   0x00000022   Code   RO         4827    i.TIM_CCxChannelCmd  stm32f4xx_hal_tim.o
    0x08009e56   0x08009e56   0x00000016   Code   RO         4837    i.TIM_ETR_SetConfig  stm32f4xx_hal_tim.o
    0x08009e6c   0x08009e6c   0x00000012   Code   RO         4838    i.TIM_ITRx_SetConfig  stm32f4xx_hal_tim.o
    0x08009e7e   0x08009e7e   0x00000002   PAD
    0x08009e80   0x08009e80   0x00000070   Code   RO         4839    i.TIM_OC1_SetConfig  stm32f4xx_hal_tim.o
    0x08009ef0   0x08009ef0   0x0000007c   Code   RO         4840    i.TIM_OC2_SetConfig  stm32f4xx_hal_tim.o
    0x08009f6c   0x08009f6c   0x00000078   Code   RO         4841    i.TIM_OC3_SetConfig  stm32f4xx_hal_tim.o
    0x08009fe4   0x08009fe4   0x00000054   Code   RO         4842    i.TIM_OC4_SetConfig  stm32f4xx_hal_tim.o
    0x0800a038   0x0800a038   0x00000026   Code   RO         4844    i.TIM_TI1_ConfigInputStage  stm32f4xx_hal_tim.o
    0x0800a05e   0x0800a05e   0x00000028   Code   RO         4846    i.TIM_TI2_ConfigInputStage  stm32f4xx_hal_tim.o
    0x0800a086   0x0800a086   0x00000002   PAD
    0x0800a088   0x0800a088   0x000000fc   Code   RO          107    i.Trajectory_BulletModel  api_trajectory.o
    0x0800a184   0x0800a184   0x0000010c   Code   RO          108    i.Trajectory_Picth_Update  api_trajectory.o
    0x0800a290   0x0800a290   0x00000014   Code   RO         5757    i.UART_DMAAbortOnError  stm32f4xx_hal_uart.o
    0x0800a2a4   0x0800a2a4   0x0000006c   Code   RO         5767    i.UART_EndRxTransfer  stm32f4xx_hal_uart.o
    0x0800a310   0x0800a310   0x00000020   Code   RO         5768    i.UART_EndTransmit_IT  stm32f4xx_hal_uart.o
    0x0800a330   0x0800a330   0x000000f8   Code   RO         5770    i.UART_Receive_IT   stm32f4xx_hal_uart.o
    0x0800a428   0x0800a428   0x0000022c   Code   RO         5771    i.UART_SetConfig    stm32f4xx_hal_uart.o
    0x0800a654   0x0800a654   0x00000060   Code   RO         5774    i.UART_Transmit_IT  stm32f4xx_hal_uart.o
    0x0800a6b4   0x0800a6b4   0x00000010   Code   RO         1862    i.USART3_IRQHandler  stm32f4xx_it.o
    0x0800a6c4   0x0800a6c4   0x00000010   Code   RO         1863    i.USART6_IRQHandler  stm32f4xx_it.o
    0x0800a6d4   0x0800a6d4   0x0000007e   Code   RO          910    i.USART_RxDMA_MultiBufferStart  bsp_uart.o
    0x0800a752   0x0800a752   0x000000c4   Code   RO         7823    i.USBD_CDC_DataIn   usbd_cdc.o
    0x0800a816   0x0800a816   0x00000048   Code   RO         7824    i.USBD_CDC_DataOut  usbd_cdc.o
    0x0800a85e   0x0800a85e   0x00000002   PAD
    0x0800a860   0x0800a860   0x000000d4   Code   RO         7825    i.USBD_CDC_DeInit   usbd_cdc.o
    0x0800a934   0x0800a934   0x00000050   Code   RO         7826    i.USBD_CDC_EP0_RxReady  usbd_cdc.o
    0x0800a984   0x0800a984   0x00000010   Code   RO         7827    i.USBD_CDC_GetDeviceQualifierDescriptor  usbd_cdc.o
    0x0800a994   0x0800a994   0x00000044   Code   RO         7828    i.USBD_CDC_GetFSCfgDesc  usbd_cdc.o
    0x0800a9d8   0x0800a9d8   0x00000048   Code   RO         7829    i.USBD_CDC_GetHSCfgDesc  usbd_cdc.o
    0x0800aa20   0x0800aa20   0x00000044   Code   RO         7830    i.USBD_CDC_GetOtherSpeedCfgDesc  usbd_cdc.o
    0x0800aa64   0x0800aa64   0x000001a0   Code   RO         7831    i.USBD_CDC_Init     usbd_cdc.o
    0x0800ac04   0x0800ac04   0x00000050   Code   RO         7832    i.USBD_CDC_ReceivePacket  usbd_cdc.o
    0x0800ac54   0x0800ac54   0x00000018   Code   RO         7833    i.USBD_CDC_RegisterInterface  usbd_cdc.o
    0x0800ac6c   0x0800ac6c   0x0000001e   Code   RO         7834    i.USBD_CDC_SetRxBuffer  usbd_cdc.o
    0x0800ac8a   0x0800ac8a   0x00000024   Code   RO         7835    i.USBD_CDC_SetTxBuffer  usbd_cdc.o
    0x0800acae   0x0800acae   0x00000140   Code   RO         7836    i.USBD_CDC_Setup    usbd_cdc.o
    0x0800adee   0x0800adee   0x00000002   PAD
    0x0800adf0   0x0800adf0   0x00000064   Code   RO         7837    i.USBD_CDC_TransmitPacket  usbd_cdc.o
    0x0800ae54   0x0800ae54   0x0000001c   Code   RO         7498    i.USBD_ClrClassConfig  usbd_core.o
    0x0800ae70   0x0800ae70   0x0000003e   Code   RO         7661    i.USBD_ClrFeature   usbd_ctlreq.o
    0x0800aeae   0x0800aeae   0x00000006   Code   RO         7499    i.USBD_CoreFindEP   usbd_core.o
    0x0800aeb4   0x0800aeb4   0x00000006   Code   RO         7500    i.USBD_CoreFindIF   usbd_core.o
    0x0800aeba   0x0800aeba   0x00000018   Code   RO         7763    i.USBD_CtlContinueRx  usbd_ioreq.o
    0x0800aed2   0x0800aed2   0x00000018   Code   RO         7764    i.USBD_CtlContinueSendData  usbd_ioreq.o
    0x0800aeea   0x0800aeea   0x00000018   Code   RO         7662    i.USBD_CtlError     usbd_ctlreq.o
    0x0800af02   0x0800af02   0x00000028   Code   RO         7765    i.USBD_CtlPrepareRx  usbd_ioreq.o
    0x0800af2a   0x0800af2a   0x0000001a   Code   RO         7766    i.USBD_CtlReceiveStatus  usbd_ioreq.o
    0x0800af44   0x0800af44   0x00000022   Code   RO         7767    i.USBD_CtlSendData  usbd_ioreq.o
    0x0800af66   0x0800af66   0x0000001a   Code   RO         7768    i.USBD_CtlSendStatus  usbd_ioreq.o
    0x0800af80   0x0800af80   0x00000034   Code   RO         2058    i.USBD_FS_ConfigStrDescriptor  usbd_desc.o
    0x0800afb4   0x0800afb4   0x00000010   Code   RO         2059    i.USBD_FS_DeviceDescriptor  usbd_desc.o
    0x0800afc4   0x0800afc4   0x00000038   Code   RO         2060    i.USBD_FS_InterfaceStrDescriptor  usbd_desc.o
    0x0800affc   0x0800affc   0x00000010   Code   RO         2061    i.USBD_FS_LangIDStrDescriptor  usbd_desc.o
    0x0800b00c   0x0800b00c   0x0000002c   Code   RO         2062    i.USBD_FS_ManufacturerStrDescriptor  usbd_desc.o
    0x0800b038   0x0800b038   0x00000040   Code   RO         2063    i.USBD_FS_ProductStrDescriptor  usbd_desc.o
    0x0800b078   0x0800b078   0x00000018   Code   RO         2064    i.USBD_FS_SerialStrDescriptor  usbd_desc.o
    0x0800b090   0x0800b090   0x00000056   Code   RO         7663    i.USBD_GetConfig    usbd_ctlreq.o
    0x0800b0e6   0x0800b0e6   0x000001fc   Code   RO         7664    i.USBD_GetDescriptor  usbd_ctlreq.o
    0x0800b2e2   0x0800b2e2   0x00000050   Code   RO         7502    i.USBD_GetEpDesc    usbd_core.o
    0x0800b332   0x0800b332   0x00000016   Code   RO         7665    i.USBD_GetLen       usbd_ctlreq.o
    0x0800b348   0x0800b348   0x00000014   Code   RO         7503    i.USBD_GetNextDesc  usbd_core.o
    0x0800b35c   0x0800b35c   0x0000005a   Code   RO         7666    i.USBD_GetStatus    usbd_ctlreq.o
    0x0800b3b6   0x0800b3b6   0x00000054   Code   RO         7667    i.USBD_GetString    usbd_ctlreq.o
    0x0800b40a   0x0800b40a   0x0000002c   Code   RO         2203    i.USBD_Get_USB_Status  usbd_conf.o
    0x0800b436   0x0800b436   0x0000003a   Code   RO         7504    i.USBD_Init         usbd_core.o
    0x0800b470   0x0800b470   0x00000026   Code   RO         2204    i.USBD_LL_ClearStallEP  usbd_conf.o
    0x0800b496   0x0800b496   0x00000026   Code   RO         2205    i.USBD_LL_CloseEP   usbd_conf.o
    0x0800b4bc   0x0800b4bc   0x00000108   Code   RO         7505    i.USBD_LL_DataInStage  usbd_core.o
    0x0800b5c4   0x0800b5c4   0x00000102   Code   RO         7506    i.USBD_LL_DataOutStage  usbd_core.o
    0x0800b6c6   0x0800b6c6   0x00000006   Code   RO         7507    i.USBD_LL_DevConnected  usbd_core.o
    0x0800b6cc   0x0800b6cc   0x00000026   Code   RO         7508    i.USBD_LL_DevDisconnected  usbd_core.o
    0x0800b6f2   0x0800b6f2   0x00000012   Code   RO         2209    i.USBD_LL_GetRxDataSize  usbd_conf.o
    0x0800b704   0x0800b704   0x00000068   Code   RO         2210    i.USBD_LL_Init      usbd_conf.o
    0x0800b76c   0x0800b76c   0x00000038   Code   RO         2211    i.USBD_LL_IsStallEP  usbd_conf.o
    0x0800b7a4   0x0800b7a4   0x00000048   Code   RO         7509    i.USBD_LL_IsoINIncomplete  usbd_core.o
    0x0800b7ec   0x0800b7ec   0x00000048   Code   RO         7510    i.USBD_LL_IsoOUTIncomplete  usbd_core.o
    0x0800b834   0x0800b834   0x00000030   Code   RO         2212    i.USBD_LL_OpenEP    usbd_conf.o
    0x0800b864   0x0800b864   0x00000030   Code   RO         2213    i.USBD_LL_PrepareReceive  usbd_conf.o
    0x0800b894   0x0800b894   0x0000006c   Code   RO         7511    i.USBD_LL_Reset     usbd_core.o
    0x0800b900   0x0800b900   0x00000016   Code   RO         7512    i.USBD_LL_Resume    usbd_core.o
    0x0800b916   0x0800b916   0x00000028   Code   RO         7513    i.USBD_LL_SOF       usbd_core.o
    0x0800b93e   0x0800b93e   0x00000008   Code   RO         7514    i.USBD_LL_SetSpeed  usbd_core.o
    0x0800b946   0x0800b946   0x00000026   Code   RO         2214    i.USBD_LL_SetUSBAddress  usbd_conf.o
    0x0800b96c   0x0800b96c   0x00000076   Code   RO         7515    i.USBD_LL_SetupStage  usbd_core.o
    0x0800b9e2   0x0800b9e2   0x00000026   Code   RO         2215    i.USBD_LL_StallEP   usbd_conf.o
    0x0800ba08   0x0800ba08   0x0000001e   Code   RO         2216    i.USBD_LL_Start     usbd_conf.o
    0x0800ba26   0x0800ba26   0x00000014   Code   RO         7516    i.USBD_LL_Suspend   usbd_core.o
    0x0800ba3a   0x0800ba3a   0x00000030   Code   RO         2218    i.USBD_LL_Transmit  usbd_conf.o
    0x0800ba6a   0x0800ba6a   0x00000036   Code   RO         7668    i.USBD_ParseSetupRequest  usbd_ctlreq.o
    0x0800baa0   0x0800baa0   0x00000048   Code   RO         7517    i.USBD_RegisterClass  usbd_core.o
    0x0800bae8   0x0800bae8   0x00000006   Code   RO         7518    i.USBD_RunTestMode  usbd_core.o
    0x0800baee   0x0800baee   0x0000005a   Code   RO         7669    i.USBD_SetAddress   usbd_ctlreq.o
    0x0800bb48   0x0800bb48   0x00000020   Code   RO         7519    i.USBD_SetClassConfig  usbd_core.o
    0x0800bb68   0x0800bb68   0x00000104   Code   RO         7670    i.USBD_SetConfig    usbd_ctlreq.o
    0x0800bc6c   0x0800bc6c   0x00000038   Code   RO         7671    i.USBD_SetFeature   usbd_ctlreq.o
    0x0800bca4   0x0800bca4   0x0000000c   Code   RO         7520    i.USBD_Start        usbd_core.o
    0x0800bcb0   0x0800bcb0   0x000000ae   Code   RO         7672    i.USBD_StdDevReq    usbd_ctlreq.o
    0x0800bd5e   0x0800bd5e   0x00000280   Code   RO         7673    i.USBD_StdEPReq     usbd_ctlreq.o
    0x0800bfde   0x0800bfde   0x000000ae   Code   RO         7674    i.USBD_StdItfReq    usbd_ctlreq.o
    0x0800c08c   0x0800c08c   0x00000002   Code   RO         2219    i.USBD_static_free  usbd_conf.o
    0x0800c08e   0x0800c08e   0x00000002   PAD
    0x0800c090   0x0800c090   0x0000000c   Code   RO         2220    i.USBD_static_malloc  usbd_conf.o
    0x0800c09c   0x0800c09c   0x000000d0   Code   RO         2683    i.USB_ActivateEndpoint  stm32f4xx_ll_usb.o
    0x0800c16c   0x0800c16c   0x00000028   Code   RO         2685    i.USB_ActivateSetup  stm32f4xx_ll_usb.o
    0x0800c194   0x0800c194   0x00000084   Code   RO         2687    i.USB_CoreInit      stm32f4xx_ll_usb.o
    0x0800c218   0x0800c218   0x00000058   Code   RO         2688    i.USB_CoreReset     stm32f4xx_ll_usb.o
    0x0800c270   0x0800c270   0x0000014c   Code   RO         2691    i.USB_DeactivateEndpoint  stm32f4xx_ll_usb.o
    0x0800c3bc   0x0800c3bc   0x00000024   Code   RO         2692    i.USB_DevConnect    stm32f4xx_ll_usb.o
    0x0800c3e0   0x0800c3e0   0x00000024   Code   RO         2693    i.USB_DevDisconnect  stm32f4xx_ll_usb.o
    0x0800c404   0x0800c404   0x000001e0   Code   RO         2694    i.USB_DevInit       stm32f4xx_ll_usb.o
    0x0800c5e4   0x0800c5e4   0x0000000e   Code   RO         2695    i.USB_DisableGlobalInt  stm32f4xx_ll_usb.o
    0x0800c5f2   0x0800c5f2   0x00000002   PAD
    0x0800c5f4   0x0800c5f4   0x000001dc   Code   RO         2698    i.USB_EP0StartXfer  stm32f4xx_ll_usb.o
    0x0800c7d0   0x0800c7d0   0x00000070   Code   RO         2699    i.USB_EP0_OutStart  stm32f4xx_ll_usb.o
    0x0800c840   0x0800c840   0x0000008e   Code   RO         2700    i.USB_EPClearStall  stm32f4xx_ll_usb.o
    0x0800c8ce   0x0800c8ce   0x0000009a   Code   RO         2701    i.USB_EPSetStall    stm32f4xx_ll_usb.o
    0x0800c968   0x0800c968   0x00000348   Code   RO         2702    i.USB_EPStartXfer   stm32f4xx_ll_usb.o
    0x0800ccb0   0x0800ccb0   0x000000ec   Code   RO         2703    i.USB_EPStopXfer    stm32f4xx_ll_usb.o
    0x0800cd9c   0x0800cd9c   0x0000000e   Code   RO         2704    i.USB_EnableGlobalInt  stm32f4xx_ll_usb.o
    0x0800cdaa   0x0800cdaa   0x00000002   PAD
    0x0800cdac   0x0800cdac   0x00000054   Code   RO         2705    i.USB_FlushRxFifo   stm32f4xx_ll_usb.o
    0x0800ce00   0x0800ce00   0x00000058   Code   RO         2706    i.USB_FlushTxFifo   stm32f4xx_ll_usb.o
    0x0800ce58   0x0800ce58   0x00000026   Code   RO         2708    i.USB_GetDevSpeed   stm32f4xx_ll_usb.o
    0x0800ce7e   0x0800ce7e   0x0000000a   Code   RO         2710    i.USB_GetMode       stm32f4xx_ll_usb.o
    0x0800ce88   0x0800ce88   0x00000014   Code   RO         2717    i.USB_ReadDevAllInEpInterrupt  stm32f4xx_ll_usb.o
    0x0800ce9c   0x0800ce9c   0x00000014   Code   RO         2718    i.USB_ReadDevAllOutEpInterrupt  stm32f4xx_ll_usb.o
    0x0800ceb0   0x0800ceb0   0x00000032   Code   RO         2719    i.USB_ReadDevInEPInterrupt  stm32f4xx_ll_usb.o
    0x0800cee2   0x0800cee2   0x0000001a   Code   RO         2720    i.USB_ReadDevOutEPInterrupt  stm32f4xx_ll_usb.o
    0x0800cefc   0x0800cefc   0x0000000a   Code   RO         2721    i.USB_ReadInterrupts  stm32f4xx_ll_usb.o
    0x0800cf06   0x0800cf06   0x00000060   Code   RO         2722    i.USB_ReadPacket    stm32f4xx_ll_usb.o
    0x0800cf66   0x0800cf66   0x00000068   Code   RO         2724    i.USB_SetCurrentMode  stm32f4xx_ll_usb.o
    0x0800cfce   0x0800cfce   0x0000002a   Code   RO         2725    i.USB_SetDevAddress  stm32f4xx_ll_usb.o
    0x0800cff8   0x0800cff8   0x00000012   Code   RO         2726    i.USB_SetDevSpeed   stm32f4xx_ll_usb.o
    0x0800d00a   0x0800d00a   0x00000002   PAD
    0x0800d00c   0x0800d00c   0x000000e8   Code   RO         2727    i.USB_SetTurnaroundTime  stm32f4xx_ll_usb.o
    0x0800d0f4   0x0800d0f4   0x00000044   Code   RO         2730    i.USB_WritePacket   stm32f4xx_ll_usb.o
    0x0800d138   0x0800d138   0x00000068   Code   RO          585    i.USER_CAN_RxMessageHandler  bsp_can.o
    0x0800d1a0   0x0800d1a0   0x0000004c   Code   RO          586    i.USER_CAN_TxMessage  bsp_can.o
    0x0800d1ec   0x0800d1ec   0x00000088   Code   RO          911    i.USER_USART3_RxHandler  bsp_uart.o
    0x0800d274   0x0800d274   0x00000004   Code   RO         1864    i.UsageFault_Handler  stm32f4xx_it.o
    0x0800d278   0x0800d278   0x0000002e   Code   RO          871    i.User_Tim_SetCompare  bsp_tim.o
    0x0800d2a6   0x0800d2a6   0x00000002   PAD
    0x0800d2a8   0x0800d2a8   0x00000198   Code   RO          500    i.Vision_Task       vision_task.o
    0x0800d440   0x0800d440   0x00000030   Code   RO         8548    i.__ARM_fpclassify  m_wm.l(fpclassify.o)
    0x0800d470   0x0800d470   0x00000026   Code   RO         8550    i.__ARM_fpclassifyf  m_wm.l(fpclassifyf.o)
    0x0800d496   0x0800d496   0x00000002   PAD
    0x0800d498   0x0800d498   0x00000010   Code   RO         3795    i.__NVIC_GetPriorityGrouping  stm32f4xx_hal_cortex.o
    0x0800d4a8   0x0800d4a8   0x00000028   Code   RO         3796    i.__NVIC_SetPriority  stm32f4xx_hal_cortex.o
    0x0800d4d0   0x0800d4d0   0x0000012c   Code   RO         8301    i.__hardfp_asinf    m_wm.l(asinf.o)
    0x0800d5fc   0x0800d5fc   0x00000004   PAD
    0x0800d600   0x0800d600   0x000002d8   Code   RO         8517    i.__hardfp_atan     m_wm.l(atan.o)
    0x0800d8d8   0x0800d8d8   0x00000200   Code   RO         8313    i.__hardfp_atan2    m_wm.l(atan2.o)
    0x0800dad8   0x0800dad8   0x000002ac   Code   RO         8325    i.__hardfp_atan2f   m_wm.l(atan2f.o)
    0x0800dd84   0x0800dd84   0x00000004   PAD
    0x0800dd88   0x0800dd88   0x000000c8   Code   RO         8337    i.__hardfp_cos      m_wm.l(cos.o)
    0x0800de50   0x0800de50   0x00000358   Code   RO         8349    i.__hardfp_exp      m_wm.l(exp.o)
    0x0800e1a8   0x0800e1a8   0x00000014   Code   RO         8363    i.__hardfp_fabs     m_wm.l(fabs.o)
    0x0800e1bc   0x0800e1bc   0x00000004   PAD
    0x0800e1c0   0x0800e1c0   0x000000c8   Code   RO         8383    i.__hardfp_sin      m_wm.l(sin.o)
    0x0800e288   0x0800e288   0x00000438   Code   RO         8569    i.__ieee754_rem_pio2  m_wm.l(rred.o)
    0x0800e6c0   0x0800e6c0   0x00000170   Code   RO         8531    i.__kernel_cos      m_wm.l(cos_i.o)
    0x0800e830   0x0800e830   0x000000f8   Code   RO         8566    i.__kernel_poly     m_wm.l(poly.o)
    0x0800e928   0x0800e928   0x00000130   Code   RO         8574    i.__kernel_sin      m_wm.l(sin_i.o)
    0x0800ea58   0x0800ea58   0x00000014   Code   RO         8535    i.__mathlib_dbl_infnan  m_wm.l(dunder.o)
    0x0800ea6c   0x0800ea6c   0x00000014   Code   RO         8536    i.__mathlib_dbl_infnan2  m_wm.l(dunder.o)
    0x0800ea80   0x0800ea80   0x00000020   Code   RO         8537    i.__mathlib_dbl_invalid  m_wm.l(dunder.o)
    0x0800eaa0   0x0800eaa0   0x00000020   Code   RO         8538    i.__mathlib_dbl_overflow  m_wm.l(dunder.o)
    0x0800eac0   0x0800eac0   0x00000020   Code   RO         8540    i.__mathlib_dbl_underflow  m_wm.l(dunder.o)
    0x0800eae0   0x0800eae0   0x00000006   Code   RO         8553    i.__mathlib_flt_infnan  m_wm.l(funder.o)
    0x0800eae6   0x0800eae6   0x00000006   Code   RO         8554    i.__mathlib_flt_infnan2  m_wm.l(funder.o)
    0x0800eaec   0x0800eaec   0x00000010   Code   RO         8555    i.__mathlib_flt_invalid  m_wm.l(funder.o)
    0x0800eafc   0x0800eafc   0x00000010   Code   RO         8558    i.__mathlib_flt_underflow  m_wm.l(funder.o)
    0x0800eb0c   0x0800eb0c   0x00000010   Code   RO         8519    i.atan              m_wm.l(atan.o)
    0x0800eb1c   0x0800eb1c   0x000001d8   Code   RO          449    i.chassis_Ctrl      system_task.o
    0x0800ecf4   0x0800ecf4   0x00000014   Code   RO          450    i.chassis_Mode_Handoff  system_task.o
    0x0800ed08   0x0800ed08   0x00000014   Code   RO          451    i.chassis_State_Handoff  system_task.o
    0x0800ed1c   0x0800ed1c   0x000000e4   Code   RO         1296    i.encoder_to_anglesum  motor.o
    0x0800ee00   0x0800ee00   0x00000244   Code   RO         1137    i.f_PID_Calculate   pid.o
    0x0800f044   0x0800f044   0x00000018   Code   RO         8365    i.fabs              m_wm.l(fabs.o)
    0x0800f05c   0x0800f05c   0x00000034   Code   RO          960    i.get_CRC16_check_sum  crc.o
    0x0800f090   0x0800f090   0x00000010   Code   RO         6970    i.inHandlerMode     cmsis_os.o
    0x0800f0a0   0x0800f0a0   0x0000003c   Code   RO         1495    i.main              main.o
    0x0800f0dc   0x0800f0dc   0x0000000e   Code   RO         6972    i.makeFreeRtosPriority  cmsis_os.o
    0x0800f0ea   0x0800f0ea   0x00000018   Code   RO         6974    i.osDelay           cmsis_os.o
    0x0800f102   0x0800f102   0x0000001c   Code   RO         6975    i.osDelayUntil      cmsis_os.o
    0x0800f11e   0x0800f11e   0x0000000a   Code   RO         6977    i.osKernelStart     cmsis_os.o
    0x0800f128   0x0800f128   0x00000014   Code   RO         6978    i.osKernelSysTick   cmsis_os.o
    0x0800f13c   0x0800f13c   0x0000005e   Code   RO         7011    i.osThreadCreate    cmsis_os.o
    0x0800f19a   0x0800f19a   0x00000002   PAD
    0x0800f19c   0x0800f19c   0x000000a4   Code   RO         6598    i.prvAddCurrentTaskToDelayedList  tasks.o
    0x0800f240   0x0800f240   0x000000b4   Code   RO         6599    i.prvAddNewTaskToReadyList  tasks.o
    0x0800f2f4   0x0800f2f4   0x00000048   Code   RO         6600    i.prvCheckTasksWaitingTermination  tasks.o
    0x0800f33c   0x0800f33c   0x00000050   Code   RO         6601    i.prvDeleteTCB      tasks.o
    0x0800f38c   0x0800f38c   0x0000007c   Code   RO         7351    i.prvHeapInit       heap_4.o
    0x0800f408   0x0800f408   0x00000028   Code   RO         6602    i.prvIdleTask       tasks.o
    0x0800f430   0x0800f430   0x000000c2   Code   RO         6603    i.prvInitialiseNewTask  tasks.o
    0x0800f4f2   0x0800f4f2   0x00000002   PAD
    0x0800f4f4   0x0800f4f4   0x00000068   Code   RO         6604    i.prvInitialiseTaskLists  tasks.o
    0x0800f55c   0x0800f55c   0x00000068   Code   RO         7352    i.prvInsertBlockIntoFreeList  heap_4.o
    0x0800f5c4   0x0800f5c4   0x00000034   Code   RO         6605    i.prvResetNextTaskUnblockTime  tasks.o
    0x0800f5f8   0x0800f5f8   0x00000040   Code   RO         7420    i.prvTaskExitError  port.o
    0x0800f638   0x0800f638   0x0000014c   Code   RO         7353    i.pvPortMalloc      heap_4.o
    0x0800f784   0x0800f784   0x0000002c   Code   RO         7421    i.pxPortInitialiseStack  port.o
    0x0800f7b0   0x0800f7b0   0x0000003e   Code   RO         8588    i.sqrtf             m_wm.l(sqrtf_full.o)
    0x0800f7ee   0x0800f7ee   0x00000028   Code   RO         6217    i.uxListRemove      list.o
    0x0800f816   0x0800f816   0x00000002   PAD
    0x0800f818   0x0800f818   0x00000018   Code   RO         1573    i.vApplicationGetIdleTaskMemory  freertos.o
    0x0800f830   0x0800f830   0x0000001a   Code   RO         6218    i.vListInitialise   list.o
    0x0800f84a   0x0800f84a   0x00000006   Code   RO         6219    i.vListInitialiseItem  list.o
    0x0800f850   0x0800f850   0x00000034   Code   RO         6220    i.vListInsert       list.o
    0x0800f884   0x0800f884   0x00000018   Code   RO         6221    i.vListInsertEnd    list.o
    0x0800f89c   0x0800f89c   0x00000054   Code   RO         7423    i.vPortEnterCritical  port.o
    0x0800f8f0   0x0800f8f0   0x0000003c   Code   RO         7424    i.vPortExitCritical  port.o
    0x0800f92c   0x0800f92c   0x000000a4   Code   RO         7354    i.vPortFree         heap_4.o
    0x0800f9d0   0x0800f9d0   0x00000028   Code   RO         7425    i.vPortSetupTimerInterrupt  port.o
    0x0800f9f8   0x0800f9f8   0x00000078   Code   RO         7426    i.vPortValidateInterruptPriority  port.o
    0x0800fa70   0x0800fa70   0x0000005c   Code   RO         6618    i.vTaskDelay        tasks.o
    0x0800facc   0x0800facc   0x000000d4   Code   RO         6619    i.vTaskDelayUntil   tasks.o
    0x0800fba0   0x0800fba0   0x000000b0   Code   RO         6632    i.vTaskStartScheduler  tasks.o
    0x0800fc50   0x0800fc50   0x00000010   Code   RO         6634    i.vTaskSuspendAll   tasks.o
    0x0800fc60   0x0800fc60   0x0000008c   Code   RO         6635    i.vTaskSwitchContext  tasks.o
    0x0800fcec   0x0800fcec   0x00000040   Code   RO          962    i.verify_CRC16_check_sum  crc.o
    0x0800fd2c   0x0800fd2c   0x00000168   Code   RO         7427    i.xPortStartScheduler  port.o
    0x0800fe94   0x0800fe94   0x00000064   Code   RO         6639    i.xTaskCreate       tasks.o
    0x0800fef8   0x0800fef8   0x000000ba   Code   RO         6640    i.xTaskCreateStatic  tasks.o
    0x0800ffb2   0x0800ffb2   0x00000002   PAD
    0x0800ffb4   0x0800ffb4   0x0000000c   Code   RO         6646    i.xTaskGetTickCount  tasks.o
    0x0800ffc0   0x0800ffc0   0x00000014   Code   RO         6647    i.xTaskGetTickCountFromISR  tasks.o
    0x0800ffd4   0x0800ffd4   0x00000148   Code   RO         6648    i.xTaskIncrementTick  tasks.o
    0x0801011c   0x0801011c   0x00000104   Code   RO         6654    i.xTaskResumeAll    tasks.o
    0x08010220   0x08010220   0x00000018   Code   RO         8484    x$fpl$basic         g_wm.l(basic.o)
    0x08010238   0x08010238   0x000002c4   Code   RO         8277    x$fpl$d2f           g_wm.l(d2f_clz.o)
    0x080104fc   0x080104fc   0x0000024c   Code   RO         8279    x$fpl$dadd          g_wm.l(daddsub_clz.o)
    0x08010748   0x08010748   0x00000018   Code   RO         8486    x$fpl$dcmpinf       g_wm.l(dcmpi.o)
    0x08010760   0x08010760   0x0000037c   Code   RO         8286    x$fpl$ddiv          g_wm.l(ddiv_clz.o)
    0x08010adc   0x08010adc   0x00000074   Code   RO         8488    x$fpl$deqf          g_wm.l(deqf.o)
    0x08010b50   0x08010b50   0x000000c8   Code   RO         8490    x$fpl$dfix          g_wm.l(dfix.o)
    0x08010c18   0x08010c18   0x0000002e   Code   RO         8290    x$fpl$dflt          g_wm.l(dflt_clz.o)
    0x08010c46   0x08010c46   0x0000001a   Code   RO         8291    x$fpl$dfltn         g_wm.l(dflt_clz.o)
    0x08010c60   0x08010c60   0x00000026   Code   RO         8289    x$fpl$dfltu         g_wm.l(dflt_clz.o)
    0x08010c86   0x08010c86   0x00000002   PAD
    0x08010c88   0x08010c88   0x00000078   Code   RO         8295    x$fpl$dleqf         g_wm.l(dleqf.o)
    0x08010d00   0x08010d00   0x000001c0   Code   RO         8297    x$fpl$dmul          g_wm.l(dmul_clz.o)
    0x08010ec0   0x08010ec0   0x00000102   Code   RO         8494    x$fpl$dnaninf       g_wm.l(dnaninf.o)
    0x08010fc2   0x08010fc2   0x00000070   Code   RO         8496    x$fpl$drenorm       g_wm.l(drenorm_clz.o)
    0x08011032   0x08011032   0x0000000c   Code   RO         8498    x$fpl$dretinf       g_wm.l(dretinf.o)
    0x0801103e   0x0801103e   0x00000062   Code   RO         8500    x$fpl$drleqf        g_wm.l(drleqf.o)
    0x080110a0   0x080110a0   0x00000050   Code   RO         8280    x$fpl$drsb          g_wm.l(daddsub_clz.o)
    0x080110f0   0x080110f0   0x0000029c   Code   RO         8281    x$fpl$dsub          g_wm.l(daddsub_clz.o)
    0x0801138c   0x0801138c   0x0000017a   Code   RO         8502    x$fpl$dunder        g_wm.l(dunder_clz.o)
    0x08011506   0x08011506   0x00000002   PAD
    0x08011508   0x08011508   0x000001ec   Code   RO         8504    x$fpl$exception     g_wm.l(except.o)
    0x080116f4   0x080116f4   0x0000007a   Code   RO         8299    x$fpl$f2d           g_wm.l(f2d.o)
    0x0801176e   0x0801176e   0x000000f2   Code   RO         8506    x$fpl$fnaninf       g_wm.l(fnaninf.o)
    0x08011860   0x08011860   0x0000000a   Code   RO         8654    x$fpl$fpinit        g_wm.l(fpinit.o)
    0x0801186a   0x0801186a   0x0000000a   Code   RO         8508    x$fpl$fretinf       g_wm.l(fretinf.o)
    0x08011874   0x08011874   0x0000013c   Code   RO         8510    x$fpl$funder        g_wm.l(funder_clz.o)
    0x080119b0   0x080119b0   0x000000b2   Code   RO         8656    x$fpl$retnan        g_wm.l(retnan.o)
    0x08011a62   0x08011a62   0x0000007e   Code   RO         8514    x$fpl$trapveneer    g_wm.l(trapv.o)
    0x08011ae0   0x08011ae0   0x00000000   Code   RO         8516    x$fpl$usenofp       g_wm.l(usenofp.o)
    0x08011ae0   0x08011ae0   0x00000302   Data   RO          964    .constdata          crc.o
    0x08011de2   0x08011de2   0x00000002   PAD
    0x08011de4   0x08011de4   0x0000008c   Data   RO         1575    .constdata          freertos.o
    0x08011e70   0x08011e70   0x00000008   Data   RO         3512    .constdata          stm32f4xx_hal_dma.o
    0x08011e78   0x08011e78   0x00000018   Data   RO         6084    .constdata          system_stm32f4xx.o
    0x08011e90   0x08011e90   0x00000804   Data   RO         8178    .constdata          arm_cortexM4lf_math.lib(arm_common_tables.o)
    0x08012694   0x08012694   0x00000004   PAD
    0x08012698   0x08012698   0x00000058   Data   RO         8352    .constdata          m_wm.l(exp.o)
    0x080126f0   0x080126f0   0x00000098   Data   RO         8520    .constdata          m_wm.l(atan.o)
    0x08012788   0x08012788   0x00000030   Data   RO         8532    .constdata          m_wm.l(cos_i.o)
    0x080127b8   0x080127b8   0x00000008   Data   RO         8568    .constdata          m_wm.l(qnan.o)
    0x080127c0   0x080127c0   0x000000c8   Data   RO         8571    .constdata          m_wm.l(rred.o)
    0x08012888   0x08012888   0x00000028   Data   RO         8575    .constdata          m_wm.l(sin_i.o)
    0x080128b0   0x080128b0   0x00000043   Data   RO         1576    .conststring        freertos.o
    0x080128f3   0x080128f3   0x00000001   PAD
    0x080128f4   0x080128f4   0x00000020   Data   RO         8747    Region$$Table       anon$$obj.o


    Execution Region RW_IRAM1 (Exec base: 0x20000000, Load base: 0x08012914, Size: 0x0000dd60, Max: 0x0001c000, ABSOLUTE, COMPRESSED[0x0000019c])

    Exec Addr    Load Addr    Size         Type   Attr      Idx    E Section Name        Object

    0x20000000   COMPRESSED   0x00000005   Data   RW          109    .data               api_trajectory.o
    0x20000005   COMPRESSED   0x00000003   PAD
    0x20000008   COMPRESSED   0x00000144   Data   RW          173    .data               ins_task.o
    0x2000014c   COMPRESSED   0x000000bc   Data   RW          286    .data               gimbal_task.o
    0x20000208   COMPRESSED   0x00000027   Data   RW          453    .data               system_task.o
    0x2000022f   COMPRESSED   0x00000001   PAD
    0x20000230   COMPRESSED   0x00000018   Data   RW          502    .data               vision_task.o
    0x20000248   COMPRESSED   0x00000077   Data   RW          534    .data               shoot_task.o
    0x200002bf   COMPRESSED   0x00000001   PAD
    0x200002c0   COMPRESSED   0x00000024   Data   RW          588    .data               bsp_can.o
    0x200002e4   COMPRESSED   0x00000002   Data   RW          965    .data               crc.o
    0x200002e6   COMPRESSED   0x00000002   PAD
    0x200002e8   COMPRESSED   0x0000002c   Data   RW         1179    .data               bmi088.o
    0x20000314   COMPRESSED   0x0000004c   Data   RW         1231    .data               minipc.o
    0x20000360   COMPRESSED   0x000000a0   Data   RW         1298    .data               motor.o
    0x20000400   COMPRESSED   0x0000000f   Data   RW         1367    .data               remote_control.o
    0x2000040f   COMPRESSED   0x00000001   PAD
    0x20000410   COMPRESSED   0x00000014   Data   RW         1577    .data               freertos.o
    0x20000424   COMPRESSED   0x00000004   Data   RW         1638    .data               can.o
    0x20000428   COMPRESSED   0x0000004e   Data   RW         2066    .data               usbd_desc.o
    0x20000476   COMPRESSED   0x00000002   PAD
    0x20000478   COMPRESSED   0x00000025   Data   RW         2140    .data               usbd_cdc_if.o
    0x2000049d   COMPRESSED   0x00000003   PAD
    0x200004a0   COMPRESSED   0x00000009   Data   RW         3944    .data               stm32f4xx_hal.o
    0x200004a9   COMPRESSED   0x00000003   PAD
    0x200004ac   COMPRESSED   0x00000004   Data   RW         6085    .data               system_stm32f4xx.o
    0x200004b0   COMPRESSED   0x0000003c   Data   RW         6657    .data               tasks.o
    0x200004ec   COMPRESSED   0x00000020   Data   RW         7360    .data               heap_4.o
    0x2000050c   COMPRESSED   0x0000000c   Data   RW         7428    .data               port.o
    0x20000518   COMPRESSED   0x00000001   Data   RW         7675    .data               usbd_ctlreq.o
    0x20000519   COMPRESSED   0x00000003   PAD
    0x2000051c   COMPRESSED   0x0000008a   Data   RW         7838    .data               usbd_cdc.o
    0x200005a6   COMPRESSED   0x00000002   PAD
    0x200005a8        -       0x0000029c   Zero   RW          172    .bss                ins_task.o
    0x20000844        -       0x00000140   Zero   RW          285    .bss                gimbal_task.o
    0x20000984        -       0x00000023   Zero   RW          452    .bss                system_task.o
    0x200009a7   COMPRESSED   0x00000001   PAD
    0x200009a8        -       0x000000a8   Zero   RW          501    .bss                vision_task.o
    0x20000a50        -       0x00000154   Zero   RW          533    .bss                shoot_task.o
    0x20000ba4        -       0x0000001c   Zero   RW          587    .bss                bsp_can.o
    0x20000bc0        -       0x0000003c   Zero   RW         1178    .bss                bmi088.o
    0x20000bfc        -       0x0000001c   Zero   RW         1230    .bss                minipc.o
    0x20000c18        -       0x000000d0   Zero   RW         1366    .bss                remote_control.o
    0x20000ce8        -       0x00001054   Zero   RW         1574    .bss                freertos.o
    0x20001d3c        -       0x00000050   Zero   RW         1637    .bss                can.o
    0x20001d8c        -       0x00000058   Zero   RW         1709    .bss                spi.o
    0x20001de4        -       0x00000090   Zero   RW         1753    .bss                tim.o
    0x20001e74        -       0x00000148   Zero   RW         1806    .bss                usart.o
    0x20001fbc        -       0x00000048   Zero   RW         1989    .bss                stm32f4xx_hal_timebase_tim.o
    0x20002004        -       0x000002dc   Zero   RW         2026    .bss                usb_device.o
    0x200022e0        -       0x00000200   Zero   RW         2065    .bss                usbd_desc.o
    0x200024e0        -       0x00001000   Zero   RW         2139    .bss                usbd_cdc_if.o
    0x200034e0        -       0x0000072c   Zero   RW         2221    .bss                usbd_conf.o
    0x20003c0c        -       0x000000f0   Zero   RW         6656    .bss                tasks.o
    0x20003cfc        -       0x00006000   Zero   RW         7359    .bss                heap_4.o
    0x20009cfc        -       0x00000060   Zero   RW         8607    .bss                c_w.l(libspace.o)
    0x20009d5c   COMPRESSED   0x00000004   PAD
    0x20009d60        -       0x00002000   Zero   RW         1483    HEAP                startup_stm32f407xx.o
    0x2000bd60        -       0x00002000   Zero   RW         1482    STACK               startup_stm32f407xx.o


    Execution Region RW_IRAM2 (Exec base: 0x2001c000, Load base: 0x08012ab0, Size: 0x00000000, Max: 0x00004000, ABSOLUTE)

    **** No section assigned to this execution region ****


==============================================================================

Image component sizes


      Code (inc. data)   RO Data    RW Data    ZI Data      Debug   Object Name

      3546         76          0          0          0      28416   api_quaternion.o
      2782         94          0          5          0      21229   api_trajectory.o
      1394         40          0         44         60       9337   bmi088.o
       332         56          0         36         28       3248   bsp_can.o
        80         24          0          0          0       2014   bsp_gpio.o
        24          0          0          0          0       6315   bsp_mcu.o
        36          4          0          0          0        593   bsp_spi.o
        84          0          0          0          0       1666   bsp_tick.o
        82          8          0          0          0       1952   bsp_tim.o
       370         22          0          0          0       2894   bsp_uart.o
       496         44          0          4         80       2546   can.o
       206          0          0          0          0      30140   cmsis_os.o
       116         10        770          2          0       2344   crc.o
       104          6          0          0          0        850   dma.o
         0          0          0          0          0      15212   event_groups.o
       176         34        207         20       4180       2463   freertos.o
      1688        144          0        188        320     719156   gimbal_task.o
       344         16          0          0          0       1179   gpio.o
       724         74          0         32      24576       7547   heap_4.o
       664         94          0        324        668      39309   ins_task.o
      2742          0          0          0          0       5772   kalman.o
       148          0          0          0          0       3678   list.o
       138          6          0          0          0       1704   lpf.o
       268         10          0          0          0       2864   main.o
        92         10          0         76         28       4773   minipc.o
       450         24          0        160          0       4016   motor.o
       798         20          0          0          0       8508   pid.o
      1014         92          0         12          0      12269   port.o
        64          6          0          0          0       2573   ramp.o
      1596        246          0         15        208      14572   remote_control.o
      1808        172          0        119        340       5403   shoot_task.o
       264         24          0          0         88       1821   spi.o
        64         26        392          0      16384        828   startup_stm32f407xx.o
       136         24          0          9          0       8858   stm32f4xx_hal.o
      2134          6          0          0          0      14699   stm32f4xx_hal_can.o
       252         22          0          0          0      33794   stm32f4xx_hal_cortex.o
      1246         16          8          0          0       5507   stm32f4xx_hal_dma.o
       542         50          0          0          0       3416   stm32f4xx_hal_gpio.o
        84          6          0          0          0        898   stm32f4xx_hal_msp.o
      3604         16          0          0          0      14132   stm32f4xx_hal_pcd.o
        90          0          0          0          0       2513   stm32f4xx_hal_pcd_ex.o
      1934        102          0          0          0       8124   stm32f4xx_hal_rcc.o
      1078         14          0          0          0       4765   stm32f4xx_hal_spi.o
      2392        142          0          0          0      16856   stm32f4xx_hal_tim.o
       184         30          0          0          0       2573   stm32f4xx_hal_tim_ex.o
       180         18          0          0         72       1523   stm32f4xx_hal_timebase_tim.o
      1916         14          0          0          0       9171   stm32f4xx_hal_uart.o
       164         48          0          0          0       7600   stm32f4xx_it.o
      4246         98          0          0          0      24283   stm32f4xx_ll_usb.o
        20          6         24          4          0       1187   system_stm32f4xx.o
      1024         78          0         39         35       7045   system_task.o
      2428        294          0         60        240      23378   tasks.o
       552         52          0          0        144       3259   tim.o
       540         58          0          0        328       2649   usart.o
       124         20          0          0        732        904   usb_device.o
      1790         54          0        138          0      14625   usbd_cdc.o
       304         44          0         37       4096       4717   usbd_cdc_if.o
      1004         24          0          0       1836      18172   usbd_conf.o
      1346          0          0          0          0      16993   usbd_core.o
      2342         30          0          1          0      18180   usbd_ctlreq.o
       386        122          0         78        512       7105   usbd_desc.o
       174          0          0          0          0       4852   usbd_ioreq.o
       408         42          0         24        168       3608   vision_task.o

    ----------------------------------------------------------------------
     55386       2812       1436       1448      55124    1252577   Object Totals
         0          0         32          0          0          0   (incl. Generated)
        68          0          3         21          1          0   (incl. Padding)

    ----------------------------------------------------------------------

      Code (inc. data)   RO Data    RW Data    ZI Data      Debug   Library Member Name

         0          0       2052          0          0       4704   arm_common_tables.o
       264          0          0          0          0       1826   arm_mat_add_f32.o
         8          0          0          0          0        999   arm_mat_init_f32.o
      1328          4          0          0          0       4782   arm_mat_inverse_f32.o
       316          4          0          0          0       2375   arm_mat_mult_f32.o
       264          0          0          0          0       1826   arm_mat_sub_f32.o
       276          0          0          0          0       2240   arm_mat_trans_f32.o
       148         18          0          0          0      17238   arm_sin_f32.o
        90          0          0          0          0          0   __dczerorl2.o
         8          0          0          0          0         68   __main.o
         0          0          0          0          0          0   __rtentry.o
        12          0          0          0          0          0   __rtentry2.o
         6          0          0          0          0          0   __rtentry4.o
        52          8          0          0          0          0   __scatter.o
        28          0          0          0          0          0   __scatter_zi.o
        48          4          0          0          0         84   _fptrap.o
        22          0          0          0          0        100   _rserrno.o
        16          0          0          0          0         68   aeabi_memset.o
        10          0          0          0          0         68   defsig_exit.o
       172        110          0          0          0         76   defsig_fpe_inner.o
        14          0          0          0          0         80   defsig_fpe_outer.o
        50          0          0          0          0         88   defsig_general.o
        80         58          0          0          0         76   defsig_rtmem_inner.o
        14          0          0          0          0         80   defsig_rtmem_outer.o
        18          0          0          0          0         80   exit.o
        94          0          0          0          0         80   h1_alloc.o
        52          0          0          0          0         68   h1_extend.o
        78          0          0          0          0         80   h1_free.o
        14          0          0          0          0         84   h1_init.o
         6          0          0          0          0        152   heapauxi.o
         4          0          0          0          0        136   hguard.o
         0          0          0          0          0          0   indicate_semi.o
       138          0          0          0          0        168   init_alloc.o
         2          0          0          0          0          0   libinit.o
        14          0          0          0          0          0   libinit2.o
         2          0          0          0          0          0   libshutdown.o
         2          0          0          0          0          0   libshutdown2.o
         8          4          0          0         96         68   libspace.o
       238          0          0          0          0        100   lludivv7m.o
         0          0          0          0          0          0   maybetermalloc1.o
         8          4          0          0          0         68   rt_errno_addr_intlibspace.o
         8          4          0          0          0         68   rt_heap_descriptor_intlibspace.o
        68          0          0          0          0         68   rt_memclr.o
        78          0          0          0          0         80   rt_memclr_w.o
       138          0          0          0          0         68   rt_memcpy_v6.o
       100          0          0          0          0         80   rt_memcpy_w.o
         2          0          0          0          0          0   rtexit.o
        10          0          0          0          0          0   rtexit2.o
        12          4          0          0          0         68   sys_exit.o
        74          0          0          0          0         80   sys_stackheap_outer.o
        14          0          0          0          0         76   sys_wrch.o
         2          0          0          0          0         68   use_no_semi.o
        24          0          0          0          0        164   basic.o
       708         16          0          0          0        140   d2f_clz.o
      1336         32          0          0          0        532   daddsub_clz.o
        24          0          0          0          0        116   dcmpi.o
       892        152          0          0          0        292   ddiv_clz.o
       116          8          0          0          0        140   deqf.o
       200         16          0          0          0        184   dfix.o
       110          0          0          0          0        348   dflt_clz.o
       120          8          0          0          0        140   dleqf.o
       448         16          0          0          0        164   dmul_clz.o
       258          4          0          0          0        156   dnaninf.o
       112          0          0          0          0        160   drenorm_clz.o
        12          0          0          0          0        116   dretinf.o
        98          0          0          0          0        128   drleqf.o
       378          0          0          0          0        168   dunder_clz.o
       492         36          0          0          0        148   except.o
       122          8          0          0          0        132   f2d.o
       242          4          0          0          0        144   fnaninf.o
        10          0          0          0          0        116   fpinit.o
        10          0          0          0          0        116   fretinf.o
       316          0          0          0          0        132   funder_clz.o
       178          0          0          0          0        116   retnan.o
       126          0          0          0          0        148   trapv.o
         0          0          0          0          0          0   usenofp.o
       300         42          0          0          0        176   asinf.o
       744        106        152          0          0        352   atan.o
       512         64          0          0          0        208   atan2.o
       684         90          0          0          0        208   atan2f.o
       200         20          0          0          0        164   cos.o
       368         46         48          0          0        200   cos_i.o
       136         24          0          0          0        620   dunder.o
       856        142         88          0          0        288   exp.o
        44          0          0          0          0        248   fabs.o
        48          0          0          0          0        124   fpclassify.o
        38          0          0          0          0        116   fpclassifyf.o
        44         12          0          0          0        464   funder.o
       248          0          0          0          0        152   poly.o
         0          0          8          0          0          0   qnan.o
      1080        142        200          0          0        188   rred.o
       200         20          0          0          0        164   sin.o
       304         24         40          0          0        208   sin_i.o
        62          0          0          0          0        136   sqrtf_full.o

    ----------------------------------------------------------------------
     16638       1262       2592          0        100      46534   Library Totals
        28          8          4          0          4          0   (incl. Padding)

    ----------------------------------------------------------------------

      Code (inc. data)   RO Data    RW Data    ZI Data      Debug   Library Name

      2604         26       2052          0          0      35990   arm_cortexM4lf_math.lib
      1806        196          0          0         96       2528   c_w.l
      6332        300          0          0          0       4000   g_wm.l
      5868        732        536          0          0       4016   m_wm.l

    ----------------------------------------------------------------------
     16638       1262       2592          0        100      46534   Library Totals

    ----------------------------------------------------------------------

==============================================================================


      Code (inc. data)   RO Data    RW Data    ZI Data      Debug   

     72024       4074       4028       1448      55224    1251807   Grand Totals
     72024       4074       4028        412      55224    1251807   ELF Image Totals (compressed)
     72024       4074       4028        412          0          0   ROM Totals

==============================================================================

    Total RO  Size (Code + RO Data)                76052 (  74.27kB)
    Total RW  Size (RW Data + ZI Data)             56672 (  55.34kB)
    Total ROM Size (Code + RO Data + RW Data)      76464 (  74.67kB)

==============================================================================

